input: |
  os: linux
  and app.name: konsole
  -
  # makes the commands in generic_terminal available
  tag(): terminal

  # activates the implementation of the commands/functions in generic_terminal
  tag(): user.generic_unix_shell

  # makes commands for certain applications available
  # you can deactivate them if you do not use the application
  tag(): user.git
  tag(): user.anaconda
  # tag(): user.kubectl


  tag(): user.tabs
  # TODO: add file_manager support
output:
  type: source_file
  children:
  - type: matches
    children:
    - type: match
      children: []
      left:
        text: os
        type: identifier
      modifiers: []
      right:
        text: ' linux'
        type: implicit_string
    - type: match
      children: []
      left:
        text: app.name
        type: identifier
      modifiers:
      - text: and
        type: match_modifier
      right:
        text: ' konsole'
        type: implicit_string
  - text: '# makes the commands in generic_terminal available'
    type: comment
  - type: declarations
    children:
    - type: tag_import_declaration
      children: []
      right:
        text: terminal
        type: identifier
    - text: '# activates the implementation of the commands/functions in generic_terminal'
      type: comment
    - type: tag_import_declaration
      children: []
      right:
        text: user.generic_unix_shell
        type: identifier
    - text: '# makes commands for certain applications available'
      type: comment
    - text: '# you can deactivate them if you do not use the application'
      type: comment
    - type: tag_import_declaration
      children: []
      right:
        text: user.git
        type: identifier
    - type: tag_import_declaration
      children: []
      right:
        text: user.anaconda
        type: identifier
    - text: '# tag(): user.kubectl'
      type: comment
    - type: tag_import_declaration
      children: []
      right:
        text: user.tabs
        type: identifier
  - text: '# TODO: add file_manager support'
    type: comment
