input: |
  tag: user.code_data_null
  -
  state (no | none | nil | null): user.code_insert_null()
  is not (none|null): user.code_insert_is_not_null()
  is (none|null): user.code_insert_is_null()
output:
  type: source_file
  children:
  - type: matches
    children:
    - type: match
      children: []
      left:
        text: tag
        type: identifier
      modifiers: []
      right:
        text: ' user.code_data_null'
        type: implicit_string
  - type: declarations
    children:
    - type: command_declaration
      children:
      left:
        type: rule
        children:
        - type: seq
          children:
          - text: state
            type: word
          - type: parenthesized_rule
            children:
            - type: choice
              children:
              - text: no
                type: word
              - text: none
                type: word
              - text: nil
                type: word
              - text: 'null'
                type: word
      right:
        type: block
        children:
        - type: expression_statement
          children: []
          expression:
            type: action
            children: []
            action_name:
              text: user.code_insert_null
              type: identifier
            arguments:
              type: argument_list
              children: []
    - type: command_declaration
      children:
      left:
        type: rule
        children:
        - type: seq
          children:
          - text: is
            type: word
          - text: not
            type: word
          - type: parenthesized_rule
            children:
            - type: choice
              children:
              - text: none
                type: word
              - text: 'null'
                type: word
      right:
        type: block
        children:
        - type: expression_statement
          children: []
          expression:
            type: action
            children: []
            action_name:
              text: user.code_insert_is_not_null
              type: identifier
            arguments:
              type: argument_list
              children: []
    - type: command_declaration
      children:
      left:
        type: rule
        children:
        - type: seq
          children:
          - text: is
            type: word
          - type: parenthesized_rule
            children:
            - type: choice
              children:
              - text: none
                type: word
              - text: 'null'
                type: word
      right:
        type: block
        children:
        - type: expression_statement
          children: []
          expression:
            type: action
            children: []
            action_name:
              text: user.code_insert_is_null
              type: identifier
            arguments:
              type: argument_list
              children: []
