input: |
  tag: user.sql
  -
  tag(): user.code_operators_math
  tag(): user.code_comment_line
  tag(): user.code_comment_block_c_like
  tag(): user.code_data_null
  tag(): user.code_functions_common

  select: "SELECT "
  distinct: "DISTINCT "
  from: "FROM "
  select star from: "SELECT *\nFROM "
  where: "WHERE "
  order by: "ORDER BY "
  group by: "GROUP BY "
  having: "HAVING "
  descending: " DESC"
  ascending: " ASC"
  dot i d: ".id"
  inner join: user.insert_between("INNER JOIN ", " ON ")
  inner join using: user.insert_between("INNER JOIN ", " USING ")
  left outer join: user.insert_between("LEFT OUTER JOIN ", " ON ")
  right outer join: user.insert_between("RIGHT OUTER JOIN ", " ON ")

  with:
      key(enter up)
      "WITH  AS ("
      key(enter tab)
      "SELECT "
      key(enter shift-tab)
      edit.extend_line_end()
      edit.delete()
      ") "
      key(delete up:2 right:3)

  column:
      key(return)
      ", "

  count: user.code_insert_function("Count", "")

  date: user.insert_between("DATE '", "'")
output:
  type: source_file
  children:
  - type: matches
    children:
    - type: match
      children: []
      left:
        text: tag
        type: identifier
      modifiers: []
      right:
        text: ' user.sql'
        type: implicit_string
  - type: declarations
    children:
    - type: tag_import_declaration
      children: []
      right:
        text: user.code_operators_math
        type: identifier
    - type: tag_import_declaration
      children: []
      right:
        text: user.code_comment_line
        type: identifier
    - type: tag_import_declaration
      children: []
      right:
        text: user.code_comment_block_c_like
        type: identifier
    - type: tag_import_declaration
      children: []
      right:
        text: user.code_data_null
        type: identifier
    - type: tag_import_declaration
      children: []
      right:
        text: user.code_functions_common
        type: identifier
    - type: command_declaration
      children: []
      left:
        type: rule
        children:
        - text: select
          type: word
      right:
        type: block
        children:
        - type: expression_statement
          children: []
          expression:
            type: string
            children:
            - text: 'SELECT '
              type: string_content
    - type: command_declaration
      children: []
      left:
        type: rule
        children:
        - text: distinct
          type: word
      right:
        type: block
        children:
        - type: expression_statement
          children: []
          expression:
            type: string
            children:
            - text: 'DISTINCT '
              type: string_content
    - type: command_declaration
      children: []
      left:
        type: rule
        children:
        - text: from
          type: word
      right:
        type: block
        children:
        - type: expression_statement
          children: []
          expression:
            type: string
            children:
            - text: 'FROM '
              type: string_content
    - type: command_declaration
      children: []
      left:
        type: rule
        children:
        - type: seq
          children:
          - text: select
            type: word
          - text: star
            type: word
          - text: from
            type: word
      right:
        type: block
        children:
        - type: expression_statement
          children: []
          expression:
            type: string
            children:
            - text: SELECT *
              type: string_content
            - text: \n
              type: string_escape_sequence
            - text: 'FROM '
              type: string_content
    - type: command_declaration
      children: []
      left:
        type: rule
        children:
        - text: where
          type: word
      right:
        type: block
        children:
        - type: expression_statement
          children: []
          expression:
            type: string
            children:
            - text: 'WHERE '
              type: string_content
    - type: command_declaration
      children: []
      left:
        type: rule
        children:
        - type: seq
          children:
          - text: order
            type: word
          - text: by
            type: word
      right:
        type: block
        children:
        - type: expression_statement
          children: []
          expression:
            type: string
            children:
            - text: 'ORDER BY '
              type: string_content
    - type: command_declaration
      children: []
      left:
        type: rule
        children:
        - type: seq
          children:
          - text: group
            type: word
          - text: by
            type: word
      right:
        type: block
        children:
        - type: expression_statement
          children: []
          expression:
            type: string
            children:
            - text: 'GROUP BY '
              type: string_content
    - type: command_declaration
      children: []
      left:
        type: rule
        children:
        - text: having
          type: word
      right:
        type: block
        children:
        - type: expression_statement
          children: []
          expression:
            type: string
            children:
            - text: 'HAVING '
              type: string_content
    - type: command_declaration
      children: []
      left:
        type: rule
        children:
        - text: descending
          type: word
      right:
        type: block
        children:
        - type: expression_statement
          children: []
          expression:
            type: string
            children:
            - text: ' DESC'
              type: string_content
    - type: command_declaration
      children: []
      left:
        type: rule
        children:
        - text: ascending
          type: word
      right:
        type: block
        children:
        - type: expression_statement
          children: []
          expression:
            type: string
            children:
            - text: ' ASC'
              type: string_content
    - type: command_declaration
      children: []
      left:
        type: rule
        children:
        - type: seq
          children:
          - text: dot
            type: word
          - text: i
            type: word
          - text: d
            type: word
      right:
        type: block
        children:
        - type: expression_statement
          children: []
          expression:
            type: string
            children:
            - text: .id
              type: string_content
    - type: command_declaration
      children: []
      left:
        type: rule
        children:
        - type: seq
          children:
          - text: inner
            type: word
          - text: join
            type: word
      right:
        type: block
        children:
        - type: expression_statement
          children: []
          expression:
            type: action
            children: []
            action_name:
              text: user.insert_between
              type: identifier
            arguments:
              type: argument_list
              children:
              - type: string
                children:
                - text: 'INNER JOIN '
                  type: string_content
              - type: string
                children:
                - text: ' ON '
                  type: string_content
    - type: command_declaration
      children: []
      left:
        type: rule
        children:
        - type: seq
          children:
          - text: inner
            type: word
          - text: join
            type: word
          - text: using
            type: word
      right:
        type: block
        children:
        - type: expression_statement
          children: []
          expression:
            type: action
            children: []
            action_name:
              text: user.insert_between
              type: identifier
            arguments:
              type: argument_list
              children:
              - type: string
                children:
                - text: 'INNER JOIN '
                  type: string_content
              - type: string
                children:
                - text: ' USING '
                  type: string_content
    - type: command_declaration
      children: []
      left:
        type: rule
        children:
        - type: seq
          children:
          - text: left
            type: word
          - text: outer
            type: word
          - text: join
            type: word
      right:
        type: block
        children:
        - type: expression_statement
          children: []
          expression:
            type: action
            children: []
            action_name:
              text: user.insert_between
              type: identifier
            arguments:
              type: argument_list
              children:
              - type: string
                children:
                - text: 'LEFT OUTER JOIN '
                  type: string_content
              - type: string
                children:
                - text: ' ON '
                  type: string_content
    - type: command_declaration
      children: []
      left:
        type: rule
        children:
        - type: seq
          children:
          - text: right
            type: word
          - text: outer
            type: word
          - text: join
            type: word
      right:
        type: block
        children:
        - type: expression_statement
          children: []
          expression:
            type: action
            children: []
            action_name:
              text: user.insert_between
              type: identifier
            arguments:
              type: argument_list
              children:
              - type: string
                children:
                - text: 'RIGHT OUTER JOIN '
                  type: string_content
              - type: string
                children:
                - text: ' ON '
                  type: string_content
    - type: command_declaration
      children: []
      left:
        type: rule
        children:
        - text: with
          type: word
      right:
        type: block
        children:
        - type: expression_statement
          children: []
          expression:
            type: key_action
            children: []
            arguments:
              text: enter up
              type: implicit_string
        - type: expression_statement
          children: []
          expression:
            type: string
            children:
            - text: WITH  AS (
              type: string_content
        - type: expression_statement
          children: []
          expression:
            type: key_action
            children: []
            arguments:
              text: enter tab
              type: implicit_string
        - type: expression_statement
          children: []
          expression:
            type: string
            children:
            - text: 'SELECT '
              type: string_content
        - type: expression_statement
          children: []
          expression:
            type: key_action
            children: []
            arguments:
              text: enter shift-tab
              type: implicit_string
        - type: expression_statement
          children: []
          expression:
            type: action
            children: []
            action_name:
              text: edit.extend_line_end
              type: identifier
            arguments:
              type: argument_list
              children: []
        - type: expression_statement
          children: []
          expression:
            type: action
            children: []
            action_name:
              text: edit.delete
              type: identifier
            arguments:
              type: argument_list
              children: []
        - type: expression_statement
          children: []
          expression:
            type: string
            children:
            - text: ') '
              type: string_content
        - type: expression_statement
          children: []
          expression:
            type: key_action
            children: []
            arguments:
              text: delete up:2 right:3
              type: implicit_string
    - type: command_declaration
      children: []
      left:
        type: rule
        children:
        - text: column
          type: word
      right:
        type: block
        children:
        - type: expression_statement
          children: []
          expression:
            type: key_action
            children: []
            arguments:
              text: return
              type: implicit_string
        - type: expression_statement
          children: []
          expression:
            type: string
            children:
            - text: ', '
              type: string_content
    - type: command_declaration
      children: []
      left:
        type: rule
        children:
        - text: count
          type: word
      right:
        type: block
        children:
        - type: expression_statement
          children: []
          expression:
            type: action
            children: []
            action_name:
              text: user.code_insert_function
              type: identifier
            arguments:
              type: argument_list
              children:
              - type: string
                children:
                - text: Count
                  type: string_content
              - type: string
                children: []
    - type: command_declaration
      children: []
      left:
        type: rule
        children:
        - text: date
          type: word
      right:
        type: block
        children:
        - type: expression_statement
          children: []
          expression:
            type: action
            children: []
            action_name:
              text: user.insert_between
              type: identifier
            arguments:
              type: argument_list
              children:
              - type: string
                children:
                - text: DATE '
                  type: string_content
              - type: string
                children:
                - text: "'"
                  type: string_content
