input: |
  # These are available when the draft window is open, but not necessarily focussed
  tag: user.draft_window_showing
  -
  draft hide: user.draft_hide()

  draft submit:
    content = user.draft_get_text()
    user.draft_hide()
    insert(content)
    # user.paste may be somewhat faster, but seems to be unreliable on MacOSX, see
    # https://github.com/talonvoice/talon/issues/254#issuecomment-789355238
    # user.paste(content)
output:
  type: source_file
  children:
  - type: matches
    children:
    - text: '# These are available when the draft window is open, but not necessarily
        focussed'
      type: comment
    - type: match
      children: []
      key:
        text: tag
        type: identifier
      modifier: []
      pattern:
        text: ' user.draft_window_showing'
        type: implicit_string
  - type: command_declaration
    children: []
    rule:
      type: rule
      children:
      - type: seq
        children:
        - text: draft
          type: word
        - text: hide
          type: word
    script:
      type: block
      children:
      - type: expression_statement
        children: []
        expression:
          type: action
          children: []
          action_name:
            text: user.draft_hide
            type: identifier
          arguments:
            type: argument_list
            children: []
  - type: command_declaration
    children: []
    rule:
      type: rule
      children:
      - type: seq
        children:
        - text: draft
          type: word
        - text: submit
          type: word
    script:
      type: block
      children:
      - type: assignment_statement
        children: []
        left:
          text: content
          type: identifier
        right:
          type: action
          children: []
          action_name:
            text: user.draft_get_text
            type: identifier
          arguments:
            type: argument_list
            children: []
      - type: expression_statement
        children: []
        expression:
          type: action
          children: []
          action_name:
            text: user.draft_hide
            type: identifier
          arguments:
            type: argument_list
            children: []
      - type: expression_statement
        children: []
        expression:
          type: action
          children: []
          action_name:
            text: insert
            type: identifier
          arguments:
            type: argument_list
            children:
            - type: variable
              children: []
              variable_name:
                text: content
                type: identifier
      - text: '# user.paste may be somewhat faster, but seems to be unreliable on
          MacOSX, see'
        type: comment
      - text: '# https://github.com/talonvoice/talon/issues/254#issuecomment-789355238'
        type: comment
      - text: '# user.paste(content)'
        type: comment
