input: |
  tag: user.multiple_cursors
  -
  cursor multiple: user.multi_cursor_enable()
  cursor stop: user.multi_cursor_disable()
  cursor up: user.multi_cursor_add_above()
  cursor down: user.multi_cursor_add_below()
  cursor less: user.multi_cursor_select_fewer_occurrences()
  cursor more: user.multi_cursor_select_more_occurrences()
  cursor skip: user.multi_cursor_skip_occurrence()
  cursor all: user.multi_cursor_select_all_occurrences()
  cursor lines: user.multi_cursor_add_to_line_ends()
output:
  type: source_file
  children:
  - type: matches
    children:
    - type: match
      children: []
      key:
        text: tag
        type: identifier
      modifier: []
      pattern:
        text: ' user.multiple_cursors'
        type: implicit_string
  - type: command_declaration
    children: []
    rule:
      type: rule
      children:
      - type: seq
        children:
        - text: cursor
          type: word
        - text: multiple
          type: word
    script:
      type: block
      children:
      - type: expression_statement
        children: []
        expression:
          type: action
          children: []
          action_name:
            text: user.multi_cursor_enable
            type: identifier
          arguments:
            type: argument_list
            children: []
  - type: command_declaration
    children: []
    rule:
      type: rule
      children:
      - type: seq
        children:
        - text: cursor
          type: word
        - text: stop
          type: word
    script:
      type: block
      children:
      - type: expression_statement
        children: []
        expression:
          type: action
          children: []
          action_name:
            text: user.multi_cursor_disable
            type: identifier
          arguments:
            type: argument_list
            children: []
  - type: command_declaration
    children: []
    rule:
      type: rule
      children:
      - type: seq
        children:
        - text: cursor
          type: word
        - text: up
          type: word
    script:
      type: block
      children:
      - type: expression_statement
        children: []
        expression:
          type: action
          children: []
          action_name:
            text: user.multi_cursor_add_above
            type: identifier
          arguments:
            type: argument_list
            children: []
  - type: command_declaration
    children: []
    rule:
      type: rule
      children:
      - type: seq
        children:
        - text: cursor
          type: word
        - text: down
          type: word
    script:
      type: block
      children:
      - type: expression_statement
        children: []
        expression:
          type: action
          children: []
          action_name:
            text: user.multi_cursor_add_below
            type: identifier
          arguments:
            type: argument_list
            children: []
  - type: command_declaration
    children: []
    rule:
      type: rule
      children:
      - type: seq
        children:
        - text: cursor
          type: word
        - text: less
          type: word
    script:
      type: block
      children:
      - type: expression_statement
        children: []
        expression:
          type: action
          children: []
          action_name:
            text: user.multi_cursor_select_fewer_occurrences
            type: identifier
          arguments:
            type: argument_list
            children: []
  - type: command_declaration
    children: []
    rule:
      type: rule
      children:
      - type: seq
        children:
        - text: cursor
          type: word
        - text: more
          type: word
    script:
      type: block
      children:
      - type: expression_statement
        children: []
        expression:
          type: action
          children: []
          action_name:
            text: user.multi_cursor_select_more_occurrences
            type: identifier
          arguments:
            type: argument_list
            children: []
  - type: command_declaration
    children: []
    rule:
      type: rule
      children:
      - type: seq
        children:
        - text: cursor
          type: word
        - text: skip
          type: word
    script:
      type: block
      children:
      - type: expression_statement
        children: []
        expression:
          type: action
          children: []
          action_name:
            text: user.multi_cursor_skip_occurrence
            type: identifier
          arguments:
            type: argument_list
            children: []
  - type: command_declaration
    children: []
    rule:
      type: rule
      children:
      - type: seq
        children:
        - text: cursor
          type: word
        - text: all
          type: word
    script:
      type: block
      children:
      - type: expression_statement
        children: []
        expression:
          type: action
          children: []
          action_name:
            text: user.multi_cursor_select_all_occurrences
            type: identifier
          arguments:
            type: argument_list
            children: []
  - type: command_declaration
    children: []
    rule:
      type: rule
      children:
      - type: seq
        children:
        - text: cursor
          type: word
        - text: lines
          type: word
    script:
      type: block
      children:
      - type: expression_statement
        children: []
        expression:
          type: action
          children: []
          action_name:
            text: user.multi_cursor_add_to_line_ends
            type: identifier
          arguments:
            type: argument_list
            children: []
