input: |
  phones <user.homophones_canonical>: user.homophones_show(homophones_canonical)
  phones that: user.homophones_show_selection()
  phones force <user.homophones_canonical>: user.homophones_force_show(homophones_canonical)
  phones force: user.homophones_force_show_selection()
  phones hide: user.homophones_hide()
  phones word:
    edit.select_word()
    user.homophones_show_selection()
  phones [<user.ordinals>] word left:
    n = ordinals or 1
    user.words_left(n - 1)
    edit.extend_word_left()
    user.homophones_show_selection()
  phones [<user.ordinals>] word right:
    n = ordinals or 1
    user.words_right(n - 1)
    edit.extend_word_right()
    user.homophones_show_selection()
output:
  type: source_file
  children:
  - type: matches
    children: []
  - type: declarations
    children:
    - type: command_declaration
      children: []
      left:
        type: rule
        children:
        - type: seq
          children:
          - text: phones
            type: word
          - type: capture
            children: []
            capture_name:
              text: user.homophones_canonical
              type: identifier
      right:
        type: block
        children:
        - type: expression_statement
          children: []
          expression:
            type: action
            children: []
            action_name:
              text: user.homophones_show
              type: identifier
            arguments:
              type: argument_list
              children:
              - type: variable
                children: []
                variable_name:
                  text: homophones_canonical
                  type: identifier
    - type: command_declaration
      children: []
      left:
        type: rule
        children:
        - type: seq
          children:
          - text: phones
            type: word
          - text: that
            type: word
      right:
        type: block
        children:
        - type: expression_statement
          children: []
          expression:
            type: action
            children: []
            action_name:
              text: user.homophones_show_selection
              type: identifier
            arguments:
              type: argument_list
              children: []
    - type: command_declaration
      children: []
      left:
        type: rule
        children:
        - type: seq
          children:
          - text: phones
            type: word
          - text: force
            type: word
          - type: capture
            children: []
            capture_name:
              text: user.homophones_canonical
              type: identifier
      right:
        type: block
        children:
        - type: expression_statement
          children: []
          expression:
            type: action
            children: []
            action_name:
              text: user.homophones_force_show
              type: identifier
            arguments:
              type: argument_list
              children:
              - type: variable
                children: []
                variable_name:
                  text: homophones_canonical
                  type: identifier
    - type: command_declaration
      children: []
      left:
        type: rule
        children:
        - type: seq
          children:
          - text: phones
            type: word
          - text: force
            type: word
      right:
        type: block
        children:
        - type: expression_statement
          children: []
          expression:
            type: action
            children: []
            action_name:
              text: user.homophones_force_show_selection
              type: identifier
            arguments:
              type: argument_list
              children: []
    - type: command_declaration
      children: []
      left:
        type: rule
        children:
        - type: seq
          children:
          - text: phones
            type: word
          - text: hide
            type: word
      right:
        type: block
        children:
        - type: expression_statement
          children: []
          expression:
            type: action
            children: []
            action_name:
              text: user.homophones_hide
              type: identifier
            arguments:
              type: argument_list
              children: []
    - type: command_declaration
      children: []
      left:
        type: rule
        children:
        - type: seq
          children:
          - text: phones
            type: word
          - text: word
            type: word
      right:
        type: block
        children:
        - type: expression_statement
          children: []
          expression:
            type: action
            children: []
            action_name:
              text: edit.select_word
              type: identifier
            arguments:
              type: argument_list
              children: []
        - type: expression_statement
          children: []
          expression:
            type: action
            children: []
            action_name:
              text: user.homophones_show_selection
              type: identifier
            arguments:
              type: argument_list
              children: []
    - type: command_declaration
      children: []
      left:
        type: rule
        children:
        - type: seq
          children:
          - text: phones
            type: word
          - type: optional
            children:
            - type: capture
              children: []
              capture_name:
                text: user.ordinals
                type: identifier
          - text: word
            type: word
          - text: left
            type: word
      right:
        type: block
        children:
        - type: assignment_statement
          children: []
          left:
            text: n
            type: identifier
          right:
            type: binary_operator
            children: []
            left:
              type: variable
              children: []
              variable_name:
                text: ordinals
                type: identifier
            operator:
              text: or
              type: operator
            right:
              text: '1'
              type: integer
        - type: expression_statement
          children: []
          expression:
            type: action
            children: []
            action_name:
              text: user.words_left
              type: identifier
            arguments:
              type: argument_list
              children:
              - type: binary_operator
                children: []
                left:
                  type: variable
                  children: []
                  variable_name:
                    text: n
                    type: identifier
                operator:
                  text: '-'
                  type: operator
                right:
                  text: '1'
                  type: integer
        - type: expression_statement
          children: []
          expression:
            type: action
            children: []
            action_name:
              text: edit.extend_word_left
              type: identifier
            arguments:
              type: argument_list
              children: []
        - type: expression_statement
          children: []
          expression:
            type: action
            children: []
            action_name:
              text: user.homophones_show_selection
              type: identifier
            arguments:
              type: argument_list
              children: []
    - type: command_declaration
      children: []
      left:
        type: rule
        children:
        - type: seq
          children:
          - text: phones
            type: word
          - type: optional
            children:
            - type: capture
              children: []
              capture_name:
                text: user.ordinals
                type: identifier
          - text: word
            type: word
          - text: right
            type: word
      right:
        type: block
        children:
        - type: assignment_statement
          children: []
          left:
            text: n
            type: identifier
          right:
            type: binary_operator
            children: []
            left:
              type: variable
              children: []
              variable_name:
                text: ordinals
                type: identifier
            operator:
              text: or
              type: operator
            right:
              text: '1'
              type: integer
        - type: expression_statement
          children: []
          expression:
            type: action
            children: []
            action_name:
              text: user.words_right
              type: identifier
            arguments:
              type: argument_list
              children:
              - type: binary_operator
                children: []
                left:
                  type: variable
                  children: []
                  variable_name:
                    text: n
                    type: identifier
                operator:
                  text: '-'
                  type: operator
                right:
                  text: '1'
                  type: integer
        - type: expression_statement
          children: []
          expression:
            type: action
            children: []
            action_name:
              text: edit.extend_word_right
              type: identifier
            arguments:
              type: argument_list
              children: []
        - type: expression_statement
          children: []
          expression:
            type: action
            children: []
            action_name:
              text: user.homophones_show_selection
              type: identifier
            arguments:
              type: argument_list
              children: []
