input: |
  tag: user.csharp
  -
  tag(): user.code_imperative
  tag(): user.code_object_oriented

  tag(): user.code_comment_line
  tag(): user.code_comment_block_c_like
  tag(): user.code_data_bool
  tag(): user.code_data_null
  tag(): user.code_functions
  tag(): user.code_functions_common
  tag(): user.code_libraries
  tag(): user.code_operators_array
  tag(): user.code_operators_assignment
  tag(): user.code_operators_bitwise
  tag(): user.code_operators_lambda
  tag(): user.code_operators_math
  tag(): user.code_operators_pointer

  settings():
      user.code_private_function_formatter = "PRIVATE_CAMEL_CASE"
      user.code_protected_function_formatter = "PUBLIC_CAMEL_CASE"
      user.code_public_function_formatter = "PUBLIC_CAMEL_CASE"
      user.code_private_variable_formatter = "PRIVATE_CAMEL_CASE"
      user.code_protected_variable_formatter = "PUBLIC_CAMEL_CASE"
      user.code_public_variable_formatter = "PUBLIC_CAMEL_CASE"
output:
  type: source_file
  children:
  - type: matches
    children:
    - type: match
      children: []
      left:
        text: tag
        type: identifier
      modifiers: []
      right:
        text: ' user.csharp'
        type: implicit_string
  - type: declarations
    children:
    - type: tag_import_declaration
      children: []
      right:
        text: user.code_imperative
        type: identifier
    - type: tag_import_declaration
      children: []
      right:
        text: user.code_object_oriented
        type: identifier
    - type: tag_import_declaration
      children: []
      right:
        text: user.code_comment_line
        type: identifier
    - type: tag_import_declaration
      children: []
      right:
        text: user.code_comment_block_c_like
        type: identifier
    - type: tag_import_declaration
      children: []
      right:
        text: user.code_data_bool
        type: identifier
    - type: tag_import_declaration
      children: []
      right:
        text: user.code_data_null
        type: identifier
    - type: tag_import_declaration
      children: []
      right:
        text: user.code_functions
        type: identifier
    - type: tag_import_declaration
      children: []
      right:
        text: user.code_functions_common
        type: identifier
    - type: tag_import_declaration
      children: []
      right:
        text: user.code_libraries
        type: identifier
    - type: tag_import_declaration
      children: []
      right:
        text: user.code_operators_array
        type: identifier
    - type: tag_import_declaration
      children: []
      right:
        text: user.code_operators_assignment
        type: identifier
    - type: tag_import_declaration
      children: []
      right:
        text: user.code_operators_bitwise
        type: identifier
    - type: tag_import_declaration
      children: []
      right:
        text: user.code_operators_lambda
        type: identifier
    - type: tag_import_declaration
      children: []
      right:
        text: user.code_operators_math
        type: identifier
    - type: tag_import_declaration
      children: []
      right:
        text: user.code_operators_pointer
        type: identifier
    - type: settings_declaration
      children: []
      right:
        type: block
        children:
        - type: assignment_statement
          children: []
          left:
            text: user.code_private_function_formatter
            type: identifier
          right:
            type: string
            children:
            - text: PRIVATE_CAMEL_CASE
              type: string_content
        - type: assignment_statement
          children: []
          left:
            text: user.code_protected_function_formatter
            type: identifier
          right:
            type: string
            children:
            - text: PUBLIC_CAMEL_CASE
              type: string_content
        - type: assignment_statement
          children: []
          left:
            text: user.code_public_function_formatter
            type: identifier
          right:
            type: string
            children:
            - text: PUBLIC_CAMEL_CASE
              type: string_content
        - type: assignment_statement
          children: []
          left:
            text: user.code_private_variable_formatter
            type: identifier
          right:
            type: string
            children:
            - text: PRIVATE_CAMEL_CASE
              type: string_content
        - type: assignment_statement
          children: []
          left:
            text: user.code_protected_variable_formatter
            type: identifier
          right:
            type: string
            children:
            - text: PUBLIC_CAMEL_CASE
              type: string_content
        - type: assignment_statement
          children: []
          left:
            text: user.code_public_variable_formatter
            type: identifier
          right:
            type: string
            children:
            - text: PUBLIC_CAMEL_CASE
              type: string_content
