input: |
  app: thunderbird_calendar
  -
  # event/task
  event new: user.thunderbird_mod("i")
  task new: user.thunderbird_mod("d")
  (task | event) delete: key(delete)
  # layout
  toggle today: key(f11)
  view <number_small>: user.thunderbird_calendar_view(number_small)
  view day: user.thunderbird_calendar_view(1)
  view week: user.thunderbird_calendar_view(2)
  view multi [week]: user.thunderbird_calendar_view(3)
  view month: user.thunderbird_calendar_view(4)
output:
  type: source_file
  children:
  - type: matches
    children:
    - type: match
      children: []
      left:
        text: app
        type: identifier
      modifiers: []
      right:
        text: ' thunderbird_calendar'
        type: implicit_string
  - text: '# event/task'
    type: comment
  - type: declarations
    children:
    - type: command_declaration
      children:
      left:
        type: rule
        children:
        - type: seq
          children:
          - text: event
            type: word
          - text: new
            type: word
      right:
        type: block
        children:
        - type: expression_statement
          children: []
          expression:
            type: action
            children: []
            action_name:
              text: user.thunderbird_mod
              type: identifier
            arguments:
              type: argument_list
              children:
              - type: string
                children:
                - text: i
                  type: string_content
    - type: command_declaration
      children:
      left:
        type: rule
        children:
        - type: seq
          children:
          - text: task
            type: word
          - text: new
            type: word
      right:
        type: block
        children:
        - type: expression_statement
          children: []
          expression:
            type: action
            children: []
            action_name:
              text: user.thunderbird_mod
              type: identifier
            arguments:
              type: argument_list
              children:
              - type: string
                children:
                - text: d
                  type: string_content
    - type: command_declaration
      children:
      left:
        type: rule
        children:
        - type: seq
          children:
          - type: parenthesized_rule
            children:
            - type: choice
              children:
              - text: task
                type: word
              - text: event
                type: word
          - text: delete
            type: word
      right:
        type: block
        children:
        - type: expression_statement
          children: []
          expression:
            type: key_action
            children: []
            arguments:
              text: delete
              type: implicit_string
    - text: '# layout'
      type: comment
    - type: command_declaration
      children:
      left:
        type: rule
        children:
        - type: seq
          children:
          - text: toggle
            type: word
          - text: today
            type: word
      right:
        type: block
        children:
        - type: expression_statement
          children: []
          expression:
            type: key_action
            children: []
            arguments:
              text: f11
              type: implicit_string
    - type: command_declaration
      children:
      left:
        type: rule
        children:
        - type: seq
          children:
          - text: view
            type: word
          - type: capture
            children: []
            capture_name:
              text: number_small
              type: identifier
      right:
        type: block
        children:
        - type: expression_statement
          children: []
          expression:
            type: action
            children: []
            action_name:
              text: user.thunderbird_calendar_view
              type: identifier
            arguments:
              type: argument_list
              children:
              - type: variable
                children: []
                variable_name:
                  text: number_small
                  type: identifier
    - type: command_declaration
      children:
      left:
        type: rule
        children:
        - type: seq
          children:
          - text: view
            type: word
          - text: day
            type: word
      right:
        type: block
        children:
        - type: expression_statement
          children: []
          expression:
            type: action
            children: []
            action_name:
              text: user.thunderbird_calendar_view
              type: identifier
            arguments:
              type: argument_list
              children:
              - text: '1'
                type: integer
    - type: command_declaration
      children:
      left:
        type: rule
        children:
        - type: seq
          children:
          - text: view
            type: word
          - text: week
            type: word
      right:
        type: block
        children:
        - type: expression_statement
          children: []
          expression:
            type: action
            children: []
            action_name:
              text: user.thunderbird_calendar_view
              type: identifier
            arguments:
              type: argument_list
              children:
              - text: '2'
                type: integer
    - type: command_declaration
      children:
      left:
        type: rule
        children:
        - type: seq
          children:
          - text: view
            type: word
          - text: multi
            type: word
          - type: optional
            children:
            - text: week
              type: word
      right:
        type: block
        children:
        - type: expression_statement
          children: []
          expression:
            type: action
            children: []
            action_name:
              text: user.thunderbird_calendar_view
              type: identifier
            arguments:
              type: argument_list
              children:
              - text: '3'
                type: integer
    - type: command_declaration
      children:
      left:
        type: rule
        children:
        - type: seq
          children:
          - text: view
            type: word
          - text: month
            type: word
      right:
        type: block
        children:
        - type: expression_statement
          children: []
          expression:
            type: action
            children: []
            action_name:
              text: user.thunderbird_calendar_view
              type: identifier
            arguments:
              type: argument_list
              children:
              - text: '4'
                type: integer
