input: |
  customize {user.talon_settings_csv}:
    user.edit_text_file(talon_settings_csv)
    sleep(500ms)
    edit.file_end()
output:
  type: source_file
  children:
  - type: matches
    children: []
  - type: declarations
    children:
    - type: command_declaration
      children: []
      left:
        type: rule
        children:
        - type: seq
          children:
          - text: customize
            type: word
          - type: list
            children: []
            list_name:
              text: user.talon_settings_csv
              type: identifier
      right:
        type: block
        children:
        - type: expression_statement
          children: []
          expression:
            type: action
            children: []
            action_name:
              text: user.edit_text_file
              type: identifier
            arguments:
              type: argument_list
              children:
              - type: variable
                children: []
                variable_name:
                  text: talon_settings_csv
                  type: identifier
        - type: expression_statement
          children: []
          expression:
            type: sleep_action
            children: []
            arguments:
              text: 500ms
              type: implicit_string
        - type: expression_statement
          children: []
          expression:
            type: action
            children: []
            action_name:
              text: edit.file_end
              type: identifier
            arguments:
              type: argument_list
              children: []
