input: |
  app: sumatrapdf
  -
  # Set tags
  tag(): user.pages
  tag(): user.tabs
output:
  type: source_file
  children:
  - type: matches
    children:
    - type: match
      children: []
      key:
        text: app
        type: identifier
      modifier: []
      pattern:
        text: ' sumatrapdf'
        type: implicit_string
  - text: '# Set tags'
    type: comment
  - type: tag_import_declaration
    children: []
    tag:
      text: user.pages
      type: identifier
  - type: tag_import_declaration
    children: []
    tag:
      text: user.tabs
      type: identifier
