input: |
  screen numbers:   user.screens_show_numbering()
output:
  children:
  - children: []
    type: context
  - children:
    - children:
      - children:
        - text: screen
          type: word
        - text: numbers
          type: word
        type: seq
      type: rule
    - children:
      - children:
        - action_name:
            text: user.screens_show_numbering
            type: identifier
          arguments:
            children: []
            type: argument_list
          children:
          - text: user.screens_show_numbering
            type: identifier
          - children: []
            type: argument_list
          type: action
        expression:
          action_name:
            text: user.screens_show_numbering
            type: identifier
          arguments:
            children: []
            type: argument_list
          children:
          - text: user.screens_show_numbering
            type: identifier
          - children: []
            type: argument_list
          type: action
        type: expression
      type: block
    rule:
      children:
      - children:
        - text: screen
          type: word
        - text: numbers
          type: word
        type: seq
      type: rule
    script:
      children:
      - children:
        - action_name:
            text: user.screens_show_numbering
            type: identifier
          arguments:
            children: []
            type: argument_list
          children:
          - text: user.screens_show_numbering
            type: identifier
          - children: []
            type: argument_list
          type: action
        expression:
          action_name:
            text: user.screens_show_numbering
            type: identifier
          arguments:
            children: []
            type: argument_list
          children:
          - text: user.screens_show_numbering
            type: identifier
          - children: []
            type: argument_list
          type: action
        type: expression
      type: block
    type: command
  type: source_file
