input: "os: linux\n-\n\nshow notifications: key(ctrl-`)\ndismiss [notifications]:\
  \ user.system_command('dunstctl close')\ndismiss all [notifications]: user.system_command('dunstctl\
  \ close-all')\n#dunce pause: user.system_command('notify-send \"DUNST_COMMAND_PAUSE\"\
  ')\n#dunce resume: user.system_command('notify-send \"DUNST_COMMAND_RESUME\"')\n\
  #test notification: user.system_command('notify-send \"Hello from Talon\"')\n"
output:
  type: source_file
  children:
  - type: context
    children:
    - type: match
      children:
      - text: os
        type: identifier
      - text: ' linux'
        type: implicit_string
      key:
        text: os
        type: identifier
      pattern:
        text: ' linux'
        type: implicit_string
  - type: command
    children:
    - type: rule
      children:
      - type: seq
        children:
        - text: show
          type: word
        - text: notifications
          type: word
    - type: block
      children:
      - type: expression
        children:
        - type: key_action
          children:
          - text: ctrl-`
            type: implicit_string
          arguments:
            text: ctrl-`
            type: implicit_string
        expression:
          type: key_action
          children:
          - text: ctrl-`
            type: implicit_string
          arguments:
            text: ctrl-`
            type: implicit_string
    rule:
      type: rule
      children:
      - type: seq
        children:
        - text: show
          type: word
        - text: notifications
          type: word
    script:
      type: block
      children:
      - type: expression
        children:
        - type: key_action
          children:
          - text: ctrl-`
            type: implicit_string
          arguments:
            text: ctrl-`
            type: implicit_string
        expression:
          type: key_action
          children:
          - text: ctrl-`
            type: implicit_string
          arguments:
            text: ctrl-`
            type: implicit_string
  - type: command
    children:
    - type: rule
      children:
      - type: seq
        children:
        - text: dismiss
          type: word
        - type: optional
          children:
          - text: notifications
            type: word
    - type: block
      children:
      - type: expression
        children:
        - type: action
          children:
          - text: user.system_command
            type: identifier
          - type: argument_list
            children:
            - type: string
              children:
              - text: dunstctl close
                type: string_content
          action_name:
            text: user.system_command
            type: identifier
          arguments:
            type: argument_list
            children:
            - type: string
              children:
              - text: dunstctl close
                type: string_content
        expression:
          type: action
          children:
          - text: user.system_command
            type: identifier
          - type: argument_list
            children:
            - type: string
              children:
              - text: dunstctl close
                type: string_content
          action_name:
            text: user.system_command
            type: identifier
          arguments:
            type: argument_list
            children:
            - type: string
              children:
              - text: dunstctl close
                type: string_content
    rule:
      type: rule
      children:
      - type: seq
        children:
        - text: dismiss
          type: word
        - type: optional
          children:
          - text: notifications
            type: word
    script:
      type: block
      children:
      - type: expression
        children:
        - type: action
          children:
          - text: user.system_command
            type: identifier
          - type: argument_list
            children:
            - type: string
              children:
              - text: dunstctl close
                type: string_content
          action_name:
            text: user.system_command
            type: identifier
          arguments:
            type: argument_list
            children:
            - type: string
              children:
              - text: dunstctl close
                type: string_content
        expression:
          type: action
          children:
          - text: user.system_command
            type: identifier
          - type: argument_list
            children:
            - type: string
              children:
              - text: dunstctl close
                type: string_content
          action_name:
            text: user.system_command
            type: identifier
          arguments:
            type: argument_list
            children:
            - type: string
              children:
              - text: dunstctl close
                type: string_content
  - type: command
    children:
    - type: rule
      children:
      - type: seq
        children:
        - text: dismiss
          type: word
        - text: all
          type: word
        - type: optional
          children:
          - text: notifications
            type: word
    - type: block
      children:
      - type: expression
        children:
        - type: action
          children:
          - text: user.system_command
            type: identifier
          - type: argument_list
            children:
            - type: string
              children:
              - text: dunstctl close-all
                type: string_content
          action_name:
            text: user.system_command
            type: identifier
          arguments:
            type: argument_list
            children:
            - type: string
              children:
              - text: dunstctl close-all
                type: string_content
        expression:
          type: action
          children:
          - text: user.system_command
            type: identifier
          - type: argument_list
            children:
            - type: string
              children:
              - text: dunstctl close-all
                type: string_content
          action_name:
            text: user.system_command
            type: identifier
          arguments:
            type: argument_list
            children:
            - type: string
              children:
              - text: dunstctl close-all
                type: string_content
    rule:
      type: rule
      children:
      - type: seq
        children:
        - text: dismiss
          type: word
        - text: all
          type: word
        - type: optional
          children:
          - text: notifications
            type: word
    script:
      type: block
      children:
      - type: expression
        children:
        - type: action
          children:
          - text: user.system_command
            type: identifier
          - type: argument_list
            children:
            - type: string
              children:
              - text: dunstctl close-all
                type: string_content
          action_name:
            text: user.system_command
            type: identifier
          arguments:
            type: argument_list
            children:
            - type: string
              children:
              - text: dunstctl close-all
                type: string_content
        expression:
          type: action
          children:
          - text: user.system_command
            type: identifier
          - type: argument_list
            children:
            - type: string
              children:
              - text: dunstctl close-all
                type: string_content
          action_name:
            text: user.system_command
            type: identifier
          arguments:
            type: argument_list
            children:
            - type: string
              children:
              - text: dunstctl close-all
                type: string_content
  - text: "#dunce pause: user.system_command('notify-send \"DUNST_COMMAND_PAUSE\"\
      ')"
    type: comment
  - text: "#dunce resume: user.system_command('notify-send \"DUNST_COMMAND_RESUME\"\
      ')"
    type: comment
  - text: "#test notification: user.system_command('notify-send \"Hello from Talon\"\
      ')"
    type: comment
