input: |
  tag: terminal
  and tag: user.anaconda
  -
  anaconda:         "conda "
  anaconda help:    "conda --help\n"
  anaconda version: "conda --version\n"

  anaconda environment list:   "conda env list\n"
  anaconda environment create: "conda env create -f "
  anaconda environment remove: "conda env remove -n "

  anaconda activate:  "conda activate "
  anaconda clean:     "conda clean "
  anaconda compare:   "conda compare "
  anaconda config:    "conda config "
  anaconda create:    "conda create "
  anaconda info:      "conda info "
  anaconda init:      "conda init "
  anaconda install:   "conda install "
  anaconda list:      "conda list "
  anaconda package:   "conda package "
  anaconda remove:    "conda remove "
  anaconda uninstall: "conda uninstall "
  anaconda run:       "conda run "
  anaconda search:    "conda search "
  anaconda update:    "conda update "
  anaconda upgrade:   "conda upgrade "

  anaconda build:       "conda build "
  anaconda convert:     "conda convert "
  anaconda debug:       "conda debug "
  anaconda develop:     "conda develop "
  anaconda environment: "conda env "
  anaconda index:       "conda index "
  anaconda inspect:     "conda inspect "
  anaconda metapackage: "conda metapackage "
  anaconda render:      "conda render "
  anaconda server:      "conda server "
  anaconda skeleton:    "conda skeleton "
  anaconda verify:      "conda verify "
output:
  children:
  - children:
    - children:
      - children:
        - text: tag
          type: identifier
        - text: ' terminal'
          type: implicit_string
        key:
          text: tag
          type: identifier
        pattern:
          text: ' terminal'
          type: implicit_string
        type: match
      - children:
        - text: tag
          type: identifier
        - text: ' user.anaconda'
          type: implicit_string
        key:
          text: tag
          type: identifier
        pattern:
          text: ' user.anaconda'
          type: implicit_string
        type: match
      type: and
    type: context
  - children:
    - children:
      - text: anaconda
        type: word
      type: rule
    - children:
      - children:
        - children:
          - text: 'conda '
            type: string_content
          type: string
        expression:
          children:
          - text: 'conda '
            type: string_content
          type: string
        type: expression
      type: block
    rule:
      children:
      - text: anaconda
        type: word
      type: rule
    script:
      children:
      - children:
        - children:
          - text: 'conda '
            type: string_content
          type: string
        expression:
          children:
          - text: 'conda '
            type: string_content
          type: string
        type: expression
      type: block
    type: command
  - children:
    - children:
      - children:
        - text: anaconda
          type: word
        - text: help
          type: word
        type: seq
      type: rule
    - children:
      - children:
        - children:
          - text: conda --help
            type: string_content
          - text: \n
            type: string_escape_sequence
          type: string
        expression:
          children:
          - text: conda --help
            type: string_content
          - text: \n
            type: string_escape_sequence
          type: string
        type: expression
      type: block
    rule:
      children:
      - children:
        - text: anaconda
          type: word
        - text: help
          type: word
        type: seq
      type: rule
    script:
      children:
      - children:
        - children:
          - text: conda --help
            type: string_content
          - text: \n
            type: string_escape_sequence
          type: string
        expression:
          children:
          - text: conda --help
            type: string_content
          - text: \n
            type: string_escape_sequence
          type: string
        type: expression
      type: block
    type: command
  - children:
    - children:
      - children:
        - text: anaconda
          type: word
        - text: version
          type: word
        type: seq
      type: rule
    - children:
      - children:
        - children:
          - text: conda --version
            type: string_content
          - text: \n
            type: string_escape_sequence
          type: string
        expression:
          children:
          - text: conda --version
            type: string_content
          - text: \n
            type: string_escape_sequence
          type: string
        type: expression
      type: block
    rule:
      children:
      - children:
        - text: anaconda
          type: word
        - text: version
          type: word
        type: seq
      type: rule
    script:
      children:
      - children:
        - children:
          - text: conda --version
            type: string_content
          - text: \n
            type: string_escape_sequence
          type: string
        expression:
          children:
          - text: conda --version
            type: string_content
          - text: \n
            type: string_escape_sequence
          type: string
        type: expression
      type: block
    type: command
  - children:
    - children:
      - children:
        - text: anaconda
          type: word
        - text: environment
          type: word
        - text: list
          type: word
        type: seq
      type: rule
    - children:
      - children:
        - children:
          - text: conda env list
            type: string_content
          - text: \n
            type: string_escape_sequence
          type: string
        expression:
          children:
          - text: conda env list
            type: string_content
          - text: \n
            type: string_escape_sequence
          type: string
        type: expression
      type: block
    rule:
      children:
      - children:
        - text: anaconda
          type: word
        - text: environment
          type: word
        - text: list
          type: word
        type: seq
      type: rule
    script:
      children:
      - children:
        - children:
          - text: conda env list
            type: string_content
          - text: \n
            type: string_escape_sequence
          type: string
        expression:
          children:
          - text: conda env list
            type: string_content
          - text: \n
            type: string_escape_sequence
          type: string
        type: expression
      type: block
    type: command
  - children:
    - children:
      - children:
        - text: anaconda
          type: word
        - text: environment
          type: word
        - text: create
          type: word
        type: seq
      type: rule
    - children:
      - children:
        - children:
          - text: 'conda env create -f '
            type: string_content
          type: string
        expression:
          children:
          - text: 'conda env create -f '
            type: string_content
          type: string
        type: expression
      type: block
    rule:
      children:
      - children:
        - text: anaconda
          type: word
        - text: environment
          type: word
        - text: create
          type: word
        type: seq
      type: rule
    script:
      children:
      - children:
        - children:
          - text: 'conda env create -f '
            type: string_content
          type: string
        expression:
          children:
          - text: 'conda env create -f '
            type: string_content
          type: string
        type: expression
      type: block
    type: command
  - children:
    - children:
      - children:
        - text: anaconda
          type: word
        - text: environment
          type: word
        - text: remove
          type: word
        type: seq
      type: rule
    - children:
      - children:
        - children:
          - text: 'conda env remove -n '
            type: string_content
          type: string
        expression:
          children:
          - text: 'conda env remove -n '
            type: string_content
          type: string
        type: expression
      type: block
    rule:
      children:
      - children:
        - text: anaconda
          type: word
        - text: environment
          type: word
        - text: remove
          type: word
        type: seq
      type: rule
    script:
      children:
      - children:
        - children:
          - text: 'conda env remove -n '
            type: string_content
          type: string
        expression:
          children:
          - text: 'conda env remove -n '
            type: string_content
          type: string
        type: expression
      type: block
    type: command
  - children:
    - children:
      - children:
        - text: anaconda
          type: word
        - text: activate
          type: word
        type: seq
      type: rule
    - children:
      - children:
        - children:
          - text: 'conda activate '
            type: string_content
          type: string
        expression:
          children:
          - text: 'conda activate '
            type: string_content
          type: string
        type: expression
      type: block
    rule:
      children:
      - children:
        - text: anaconda
          type: word
        - text: activate
          type: word
        type: seq
      type: rule
    script:
      children:
      - children:
        - children:
          - text: 'conda activate '
            type: string_content
          type: string
        expression:
          children:
          - text: 'conda activate '
            type: string_content
          type: string
        type: expression
      type: block
    type: command
  - children:
    - children:
      - children:
        - text: anaconda
          type: word
        - text: clean
          type: word
        type: seq
      type: rule
    - children:
      - children:
        - children:
          - text: 'conda clean '
            type: string_content
          type: string
        expression:
          children:
          - text: 'conda clean '
            type: string_content
          type: string
        type: expression
      type: block
    rule:
      children:
      - children:
        - text: anaconda
          type: word
        - text: clean
          type: word
        type: seq
      type: rule
    script:
      children:
      - children:
        - children:
          - text: 'conda clean '
            type: string_content
          type: string
        expression:
          children:
          - text: 'conda clean '
            type: string_content
          type: string
        type: expression
      type: block
    type: command
  - children:
    - children:
      - children:
        - text: anaconda
          type: word
        - text: compare
          type: word
        type: seq
      type: rule
    - children:
      - children:
        - children:
          - text: 'conda compare '
            type: string_content
          type: string
        expression:
          children:
          - text: 'conda compare '
            type: string_content
          type: string
        type: expression
      type: block
    rule:
      children:
      - children:
        - text: anaconda
          type: word
        - text: compare
          type: word
        type: seq
      type: rule
    script:
      children:
      - children:
        - children:
          - text: 'conda compare '
            type: string_content
          type: string
        expression:
          children:
          - text: 'conda compare '
            type: string_content
          type: string
        type: expression
      type: block
    type: command
  - children:
    - children:
      - children:
        - text: anaconda
          type: word
        - text: config
          type: word
        type: seq
      type: rule
    - children:
      - children:
        - children:
          - text: 'conda config '
            type: string_content
          type: string
        expression:
          children:
          - text: 'conda config '
            type: string_content
          type: string
        type: expression
      type: block
    rule:
      children:
      - children:
        - text: anaconda
          type: word
        - text: config
          type: word
        type: seq
      type: rule
    script:
      children:
      - children:
        - children:
          - text: 'conda config '
            type: string_content
          type: string
        expression:
          children:
          - text: 'conda config '
            type: string_content
          type: string
        type: expression
      type: block
    type: command
  - children:
    - children:
      - children:
        - text: anaconda
          type: word
        - text: create
          type: word
        type: seq
      type: rule
    - children:
      - children:
        - children:
          - text: 'conda create '
            type: string_content
          type: string
        expression:
          children:
          - text: 'conda create '
            type: string_content
          type: string
        type: expression
      type: block
    rule:
      children:
      - children:
        - text: anaconda
          type: word
        - text: create
          type: word
        type: seq
      type: rule
    script:
      children:
      - children:
        - children:
          - text: 'conda create '
            type: string_content
          type: string
        expression:
          children:
          - text: 'conda create '
            type: string_content
          type: string
        type: expression
      type: block
    type: command
  - children:
    - children:
      - children:
        - text: anaconda
          type: word
        - text: info
          type: word
        type: seq
      type: rule
    - children:
      - children:
        - children:
          - text: 'conda info '
            type: string_content
          type: string
        expression:
          children:
          - text: 'conda info '
            type: string_content
          type: string
        type: expression
      type: block
    rule:
      children:
      - children:
        - text: anaconda
          type: word
        - text: info
          type: word
        type: seq
      type: rule
    script:
      children:
      - children:
        - children:
          - text: 'conda info '
            type: string_content
          type: string
        expression:
          children:
          - text: 'conda info '
            type: string_content
          type: string
        type: expression
      type: block
    type: command
  - children:
    - children:
      - children:
        - text: anaconda
          type: word
        - text: init
          type: word
        type: seq
      type: rule
    - children:
      - children:
        - children:
          - text: 'conda init '
            type: string_content
          type: string
        expression:
          children:
          - text: 'conda init '
            type: string_content
          type: string
        type: expression
      type: block
    rule:
      children:
      - children:
        - text: anaconda
          type: word
        - text: init
          type: word
        type: seq
      type: rule
    script:
      children:
      - children:
        - children:
          - text: 'conda init '
            type: string_content
          type: string
        expression:
          children:
          - text: 'conda init '
            type: string_content
          type: string
        type: expression
      type: block
    type: command
  - children:
    - children:
      - children:
        - text: anaconda
          type: word
        - text: install
          type: word
        type: seq
      type: rule
    - children:
      - children:
        - children:
          - text: 'conda install '
            type: string_content
          type: string
        expression:
          children:
          - text: 'conda install '
            type: string_content
          type: string
        type: expression
      type: block
    rule:
      children:
      - children:
        - text: anaconda
          type: word
        - text: install
          type: word
        type: seq
      type: rule
    script:
      children:
      - children:
        - children:
          - text: 'conda install '
            type: string_content
          type: string
        expression:
          children:
          - text: 'conda install '
            type: string_content
          type: string
        type: expression
      type: block
    type: command
  - children:
    - children:
      - children:
        - text: anaconda
          type: word
        - text: list
          type: word
        type: seq
      type: rule
    - children:
      - children:
        - children:
          - text: 'conda list '
            type: string_content
          type: string
        expression:
          children:
          - text: 'conda list '
            type: string_content
          type: string
        type: expression
      type: block
    rule:
      children:
      - children:
        - text: anaconda
          type: word
        - text: list
          type: word
        type: seq
      type: rule
    script:
      children:
      - children:
        - children:
          - text: 'conda list '
            type: string_content
          type: string
        expression:
          children:
          - text: 'conda list '
            type: string_content
          type: string
        type: expression
      type: block
    type: command
  - children:
    - children:
      - children:
        - text: anaconda
          type: word
        - text: package
          type: word
        type: seq
      type: rule
    - children:
      - children:
        - children:
          - text: 'conda package '
            type: string_content
          type: string
        expression:
          children:
          - text: 'conda package '
            type: string_content
          type: string
        type: expression
      type: block
    rule:
      children:
      - children:
        - text: anaconda
          type: word
        - text: package
          type: word
        type: seq
      type: rule
    script:
      children:
      - children:
        - children:
          - text: 'conda package '
            type: string_content
          type: string
        expression:
          children:
          - text: 'conda package '
            type: string_content
          type: string
        type: expression
      type: block
    type: command
  - children:
    - children:
      - children:
        - text: anaconda
          type: word
        - text: remove
          type: word
        type: seq
      type: rule
    - children:
      - children:
        - children:
          - text: 'conda remove '
            type: string_content
          type: string
        expression:
          children:
          - text: 'conda remove '
            type: string_content
          type: string
        type: expression
      type: block
    rule:
      children:
      - children:
        - text: anaconda
          type: word
        - text: remove
          type: word
        type: seq
      type: rule
    script:
      children:
      - children:
        - children:
          - text: 'conda remove '
            type: string_content
          type: string
        expression:
          children:
          - text: 'conda remove '
            type: string_content
          type: string
        type: expression
      type: block
    type: command
  - children:
    - children:
      - children:
        - text: anaconda
          type: word
        - text: uninstall
          type: word
        type: seq
      type: rule
    - children:
      - children:
        - children:
          - text: 'conda uninstall '
            type: string_content
          type: string
        expression:
          children:
          - text: 'conda uninstall '
            type: string_content
          type: string
        type: expression
      type: block
    rule:
      children:
      - children:
        - text: anaconda
          type: word
        - text: uninstall
          type: word
        type: seq
      type: rule
    script:
      children:
      - children:
        - children:
          - text: 'conda uninstall '
            type: string_content
          type: string
        expression:
          children:
          - text: 'conda uninstall '
            type: string_content
          type: string
        type: expression
      type: block
    type: command
  - children:
    - children:
      - children:
        - text: anaconda
          type: word
        - text: run
          type: word
        type: seq
      type: rule
    - children:
      - children:
        - children:
          - text: 'conda run '
            type: string_content
          type: string
        expression:
          children:
          - text: 'conda run '
            type: string_content
          type: string
        type: expression
      type: block
    rule:
      children:
      - children:
        - text: anaconda
          type: word
        - text: run
          type: word
        type: seq
      type: rule
    script:
      children:
      - children:
        - children:
          - text: 'conda run '
            type: string_content
          type: string
        expression:
          children:
          - text: 'conda run '
            type: string_content
          type: string
        type: expression
      type: block
    type: command
  - children:
    - children:
      - children:
        - text: anaconda
          type: word
        - text: search
          type: word
        type: seq
      type: rule
    - children:
      - children:
        - children:
          - text: 'conda search '
            type: string_content
          type: string
        expression:
          children:
          - text: 'conda search '
            type: string_content
          type: string
        type: expression
      type: block
    rule:
      children:
      - children:
        - text: anaconda
          type: word
        - text: search
          type: word
        type: seq
      type: rule
    script:
      children:
      - children:
        - children:
          - text: 'conda search '
            type: string_content
          type: string
        expression:
          children:
          - text: 'conda search '
            type: string_content
          type: string
        type: expression
      type: block
    type: command
  - children:
    - children:
      - children:
        - text: anaconda
          type: word
        - text: update
          type: word
        type: seq
      type: rule
    - children:
      - children:
        - children:
          - text: 'conda update '
            type: string_content
          type: string
        expression:
          children:
          - text: 'conda update '
            type: string_content
          type: string
        type: expression
      type: block
    rule:
      children:
      - children:
        - text: anaconda
          type: word
        - text: update
          type: word
        type: seq
      type: rule
    script:
      children:
      - children:
        - children:
          - text: 'conda update '
            type: string_content
          type: string
        expression:
          children:
          - text: 'conda update '
            type: string_content
          type: string
        type: expression
      type: block
    type: command
  - children:
    - children:
      - children:
        - text: anaconda
          type: word
        - text: upgrade
          type: word
        type: seq
      type: rule
    - children:
      - children:
        - children:
          - text: 'conda upgrade '
            type: string_content
          type: string
        expression:
          children:
          - text: 'conda upgrade '
            type: string_content
          type: string
        type: expression
      type: block
    rule:
      children:
      - children:
        - text: anaconda
          type: word
        - text: upgrade
          type: word
        type: seq
      type: rule
    script:
      children:
      - children:
        - children:
          - text: 'conda upgrade '
            type: string_content
          type: string
        expression:
          children:
          - text: 'conda upgrade '
            type: string_content
          type: string
        type: expression
      type: block
    type: command
  - children:
    - children:
      - children:
        - text: anaconda
          type: word
        - text: build
          type: word
        type: seq
      type: rule
    - children:
      - children:
        - children:
          - text: 'conda build '
            type: string_content
          type: string
        expression:
          children:
          - text: 'conda build '
            type: string_content
          type: string
        type: expression
      type: block
    rule:
      children:
      - children:
        - text: anaconda
          type: word
        - text: build
          type: word
        type: seq
      type: rule
    script:
      children:
      - children:
        - children:
          - text: 'conda build '
            type: string_content
          type: string
        expression:
          children:
          - text: 'conda build '
            type: string_content
          type: string
        type: expression
      type: block
    type: command
  - children:
    - children:
      - children:
        - text: anaconda
          type: word
        - text: convert
          type: word
        type: seq
      type: rule
    - children:
      - children:
        - children:
          - text: 'conda convert '
            type: string_content
          type: string
        expression:
          children:
          - text: 'conda convert '
            type: string_content
          type: string
        type: expression
      type: block
    rule:
      children:
      - children:
        - text: anaconda
          type: word
        - text: convert
          type: word
        type: seq
      type: rule
    script:
      children:
      - children:
        - children:
          - text: 'conda convert '
            type: string_content
          type: string
        expression:
          children:
          - text: 'conda convert '
            type: string_content
          type: string
        type: expression
      type: block
    type: command
  - children:
    - children:
      - children:
        - text: anaconda
          type: word
        - text: debug
          type: word
        type: seq
      type: rule
    - children:
      - children:
        - children:
          - text: 'conda debug '
            type: string_content
          type: string
        expression:
          children:
          - text: 'conda debug '
            type: string_content
          type: string
        type: expression
      type: block
    rule:
      children:
      - children:
        - text: anaconda
          type: word
        - text: debug
          type: word
        type: seq
      type: rule
    script:
      children:
      - children:
        - children:
          - text: 'conda debug '
            type: string_content
          type: string
        expression:
          children:
          - text: 'conda debug '
            type: string_content
          type: string
        type: expression
      type: block
    type: command
  - children:
    - children:
      - children:
        - text: anaconda
          type: word
        - text: develop
          type: word
        type: seq
      type: rule
    - children:
      - children:
        - children:
          - text: 'conda develop '
            type: string_content
          type: string
        expression:
          children:
          - text: 'conda develop '
            type: string_content
          type: string
        type: expression
      type: block
    rule:
      children:
      - children:
        - text: anaconda
          type: word
        - text: develop
          type: word
        type: seq
      type: rule
    script:
      children:
      - children:
        - children:
          - text: 'conda develop '
            type: string_content
          type: string
        expression:
          children:
          - text: 'conda develop '
            type: string_content
          type: string
        type: expression
      type: block
    type: command
  - children:
    - children:
      - children:
        - text: anaconda
          type: word
        - text: environment
          type: word
        type: seq
      type: rule
    - children:
      - children:
        - children:
          - text: 'conda env '
            type: string_content
          type: string
        expression:
          children:
          - text: 'conda env '
            type: string_content
          type: string
        type: expression
      type: block
    rule:
      children:
      - children:
        - text: anaconda
          type: word
        - text: environment
          type: word
        type: seq
      type: rule
    script:
      children:
      - children:
        - children:
          - text: 'conda env '
            type: string_content
          type: string
        expression:
          children:
          - text: 'conda env '
            type: string_content
          type: string
        type: expression
      type: block
    type: command
  - children:
    - children:
      - children:
        - text: anaconda
          type: word
        - text: index
          type: word
        type: seq
      type: rule
    - children:
      - children:
        - children:
          - text: 'conda index '
            type: string_content
          type: string
        expression:
          children:
          - text: 'conda index '
            type: string_content
          type: string
        type: expression
      type: block
    rule:
      children:
      - children:
        - text: anaconda
          type: word
        - text: index
          type: word
        type: seq
      type: rule
    script:
      children:
      - children:
        - children:
          - text: 'conda index '
            type: string_content
          type: string
        expression:
          children:
          - text: 'conda index '
            type: string_content
          type: string
        type: expression
      type: block
    type: command
  - children:
    - children:
      - children:
        - text: anaconda
          type: word
        - text: inspect
          type: word
        type: seq
      type: rule
    - children:
      - children:
        - children:
          - text: 'conda inspect '
            type: string_content
          type: string
        expression:
          children:
          - text: 'conda inspect '
            type: string_content
          type: string
        type: expression
      type: block
    rule:
      children:
      - children:
        - text: anaconda
          type: word
        - text: inspect
          type: word
        type: seq
      type: rule
    script:
      children:
      - children:
        - children:
          - text: 'conda inspect '
            type: string_content
          type: string
        expression:
          children:
          - text: 'conda inspect '
            type: string_content
          type: string
        type: expression
      type: block
    type: command
  - children:
    - children:
      - children:
        - text: anaconda
          type: word
        - text: metapackage
          type: word
        type: seq
      type: rule
    - children:
      - children:
        - children:
          - text: 'conda metapackage '
            type: string_content
          type: string
        expression:
          children:
          - text: 'conda metapackage '
            type: string_content
          type: string
        type: expression
      type: block
    rule:
      children:
      - children:
        - text: anaconda
          type: word
        - text: metapackage
          type: word
        type: seq
      type: rule
    script:
      children:
      - children:
        - children:
          - text: 'conda metapackage '
            type: string_content
          type: string
        expression:
          children:
          - text: 'conda metapackage '
            type: string_content
          type: string
        type: expression
      type: block
    type: command
  - children:
    - children:
      - children:
        - text: anaconda
          type: word
        - text: render
          type: word
        type: seq
      type: rule
    - children:
      - children:
        - children:
          - text: 'conda render '
            type: string_content
          type: string
        expression:
          children:
          - text: 'conda render '
            type: string_content
          type: string
        type: expression
      type: block
    rule:
      children:
      - children:
        - text: anaconda
          type: word
        - text: render
          type: word
        type: seq
      type: rule
    script:
      children:
      - children:
        - children:
          - text: 'conda render '
            type: string_content
          type: string
        expression:
          children:
          - text: 'conda render '
            type: string_content
          type: string
        type: expression
      type: block
    type: command
  - children:
    - children:
      - children:
        - text: anaconda
          type: word
        - text: server
          type: word
        type: seq
      type: rule
    - children:
      - children:
        - children:
          - text: 'conda server '
            type: string_content
          type: string
        expression:
          children:
          - text: 'conda server '
            type: string_content
          type: string
        type: expression
      type: block
    rule:
      children:
      - children:
        - text: anaconda
          type: word
        - text: server
          type: word
        type: seq
      type: rule
    script:
      children:
      - children:
        - children:
          - text: 'conda server '
            type: string_content
          type: string
        expression:
          children:
          - text: 'conda server '
            type: string_content
          type: string
        type: expression
      type: block
    type: command
  - children:
    - children:
      - children:
        - text: anaconda
          type: word
        - text: skeleton
          type: word
        type: seq
      type: rule
    - children:
      - children:
        - children:
          - text: 'conda skeleton '
            type: string_content
          type: string
        expression:
          children:
          - text: 'conda skeleton '
            type: string_content
          type: string
        type: expression
      type: block
    rule:
      children:
      - children:
        - text: anaconda
          type: word
        - text: skeleton
          type: word
        type: seq
      type: rule
    script:
      children:
      - children:
        - children:
          - text: 'conda skeleton '
            type: string_content
          type: string
        expression:
          children:
          - text: 'conda skeleton '
            type: string_content
          type: string
        type: expression
      type: block
    type: command
  - children:
    - children:
      - children:
        - text: anaconda
          type: word
        - text: verify
          type: word
        type: seq
      type: rule
    - children:
      - children:
        - children:
          - text: 'conda verify '
            type: string_content
          type: string
        expression:
          children:
          - text: 'conda verify '
            type: string_content
          type: string
        type: expression
      type: block
    rule:
      children:
      - children:
        - text: anaconda
          type: word
        - text: verify
          type: word
        type: seq
      type: rule
    script:
      children:
      - children:
        - children:
          - text: 'conda verify '
            type: string_content
          type: string
        expression:
          children:
          - text: 'conda verify '
            type: string_content
          type: string
        type: expression
      type: block
    type: command
  type: source_file
