input: |
  tag: user.r
  -
  tag(): user.code_imperative

  tag(): user.code_comment_line
  tag(): user.code_data_bool
  tag(): user.code_data_null
  tag(): user.code_functions
  tag(): user.code_functions_common
  tag(): user.code_libraries
  tag(): user.code_libraries_gui
  tag(): user.code_operators_assignment
  tag(): user.code_operators_bitwise
  tag(): user.code_operators_math

  settings():
      user.code_private_function_formatter = "SNAKE_CASE"
      user.code_protected_function_formatter = "SNAKE_CASE"
      user.code_public_function_formatter = "SNAKE_CASE"
      user.code_private_variable_formatter = "SNAKE_CASE"
      user.code_protected_variable_formatter = "SNAKE_CASE"
      user.code_public_variable_formatter = "SNAKE_CASE"

  # NOTE: migrated from generic as it is only use here
  (op | is) in: " %in% "

  toggle library: user.code_toggle_libraries()
  library <user.code_libraries>:
      user.code_insert_library(code_libraries, "")
      key(end enter)

  # R specific commands
  (chain|pipe that):
      key(end)
      " %>%"
      key(enter)
  state na:
      insert("NA")

  # TODO: migrate to function tag
  ^function define <user.text>$: user.code_private_function(text)

  named arg {user.code_parameter_name}: user.code_insert_named_argument(code_parameter_name)
output:
  children:
  - children:
    - children:
      - text: tag
        type: identifier
      - text: ' user.r'
        type: implicit_string
      key:
        text: tag
        type: identifier
      pattern:
        text: ' user.r'
        type: implicit_string
      type: match
    type: context
  - children:
    - text: user.code_imperative
      type: identifier
    tag:
      text: user.code_imperative
      type: identifier
    type: include_tag
  - children:
    - text: user.code_comment_line
      type: identifier
    tag:
      text: user.code_comment_line
      type: identifier
    type: include_tag
  - children:
    - text: user.code_data_bool
      type: identifier
    tag:
      text: user.code_data_bool
      type: identifier
    type: include_tag
  - children:
    - text: user.code_data_null
      type: identifier
    tag:
      text: user.code_data_null
      type: identifier
    type: include_tag
  - children:
    - text: user.code_functions
      type: identifier
    tag:
      text: user.code_functions
      type: identifier
    type: include_tag
  - children:
    - text: user.code_functions_common
      type: identifier
    tag:
      text: user.code_functions_common
      type: identifier
    type: include_tag
  - children:
    - text: user.code_libraries
      type: identifier
    tag:
      text: user.code_libraries
      type: identifier
    type: include_tag
  - children:
    - text: user.code_libraries_gui
      type: identifier
    tag:
      text: user.code_libraries_gui
      type: identifier
    type: include_tag
  - children:
    - text: user.code_operators_assignment
      type: identifier
    tag:
      text: user.code_operators_assignment
      type: identifier
    type: include_tag
  - children:
    - text: user.code_operators_bitwise
      type: identifier
    tag:
      text: user.code_operators_bitwise
      type: identifier
    type: include_tag
  - children:
    - text: user.code_operators_math
      type: identifier
    tag:
      text: user.code_operators_math
      type: identifier
    type: include_tag
  - children:
    - children:
      - children:
        - text: user.code_private_function_formatter
          type: identifier
        - children:
          - text: SNAKE_CASE
            type: string_content
          type: string
        left:
          text: user.code_private_function_formatter
          type: identifier
        right:
          children:
          - text: SNAKE_CASE
            type: string_content
          type: string
        type: assignment
      - children:
        - text: user.code_protected_function_formatter
          type: identifier
        - children:
          - text: SNAKE_CASE
            type: string_content
          type: string
        left:
          text: user.code_protected_function_formatter
          type: identifier
        right:
          children:
          - text: SNAKE_CASE
            type: string_content
          type: string
        type: assignment
      - children:
        - text: user.code_public_function_formatter
          type: identifier
        - children:
          - text: SNAKE_CASE
            type: string_content
          type: string
        left:
          text: user.code_public_function_formatter
          type: identifier
        right:
          children:
          - text: SNAKE_CASE
            type: string_content
          type: string
        type: assignment
      - children:
        - text: user.code_private_variable_formatter
          type: identifier
        - children:
          - text: SNAKE_CASE
            type: string_content
          type: string
        left:
          text: user.code_private_variable_formatter
          type: identifier
        right:
          children:
          - text: SNAKE_CASE
            type: string_content
          type: string
        type: assignment
      - children:
        - text: user.code_protected_variable_formatter
          type: identifier
        - children:
          - text: SNAKE_CASE
            type: string_content
          type: string
        left:
          text: user.code_protected_variable_formatter
          type: identifier
        right:
          children:
          - text: SNAKE_CASE
            type: string_content
          type: string
        type: assignment
      - children:
        - text: user.code_public_variable_formatter
          type: identifier
        - children:
          - text: SNAKE_CASE
            type: string_content
          type: string
        left:
          text: user.code_public_variable_formatter
          type: identifier
        right:
          children:
          - text: SNAKE_CASE
            type: string_content
          type: string
        type: assignment
      type: block
    type: settings
  - text: '# NOTE: migrated from generic as it is only use here'
    type: comment
  - children:
    - children:
      - children:
        - children:
          - children:
            - text: op
              type: word
            - text: is
              type: word
            type: choice
          type: parenthesized_rule
        - text: in
          type: word
        type: seq
      type: rule
    - children:
      - children:
        - children:
          - text: ' %in% '
            type: string_content
          type: string
        expression:
          children:
          - text: ' %in% '
            type: string_content
          type: string
        type: expression
      type: block
    rule:
      children:
      - children:
        - children:
          - children:
            - text: op
              type: word
            - text: is
              type: word
            type: choice
          type: parenthesized_rule
        - text: in
          type: word
        type: seq
      type: rule
    script:
      children:
      - children:
        - children:
          - text: ' %in% '
            type: string_content
          type: string
        expression:
          children:
          - text: ' %in% '
            type: string_content
          type: string
        type: expression
      type: block
    type: command
  - children:
    - children:
      - children:
        - text: toggle
          type: word
        - text: library
          type: word
        type: seq
      type: rule
    - children:
      - children:
        - action_name:
            text: user.code_toggle_libraries
            type: identifier
          arguments:
            children: []
            type: argument_list
          children:
          - text: user.code_toggle_libraries
            type: identifier
          - children: []
            type: argument_list
          type: action
        expression:
          action_name:
            text: user.code_toggle_libraries
            type: identifier
          arguments:
            children: []
            type: argument_list
          children:
          - text: user.code_toggle_libraries
            type: identifier
          - children: []
            type: argument_list
          type: action
        type: expression
      type: block
    rule:
      children:
      - children:
        - text: toggle
          type: word
        - text: library
          type: word
        type: seq
      type: rule
    script:
      children:
      - children:
        - action_name:
            text: user.code_toggle_libraries
            type: identifier
          arguments:
            children: []
            type: argument_list
          children:
          - text: user.code_toggle_libraries
            type: identifier
          - children: []
            type: argument_list
          type: action
        expression:
          action_name:
            text: user.code_toggle_libraries
            type: identifier
          arguments:
            children: []
            type: argument_list
          children:
          - text: user.code_toggle_libraries
            type: identifier
          - children: []
            type: argument_list
          type: action
        type: expression
      type: block
    type: command
  - children:
    - children:
      - children:
        - text: library
          type: word
        - capture_name:
            text: user.code_libraries
            type: identifier
          children:
          - text: user.code_libraries
            type: identifier
          type: capture
        type: seq
      type: rule
    - children:
      - children:
        - action_name:
            text: user.code_insert_library
            type: identifier
          arguments:
            children:
            - children:
              - text: code_libraries
                type: identifier
              type: variable
              variable_name:
                text: code_libraries
                type: identifier
            - children: []
              type: string
            type: argument_list
          children:
          - text: user.code_insert_library
            type: identifier
          - children:
            - children:
              - text: code_libraries
                type: identifier
              type: variable
              variable_name:
                text: code_libraries
                type: identifier
            - children: []
              type: string
            type: argument_list
          type: action
        expression:
          action_name:
            text: user.code_insert_library
            type: identifier
          arguments:
            children:
            - children:
              - text: code_libraries
                type: identifier
              type: variable
              variable_name:
                text: code_libraries
                type: identifier
            - children: []
              type: string
            type: argument_list
          children:
          - text: user.code_insert_library
            type: identifier
          - children:
            - children:
              - text: code_libraries
                type: identifier
              type: variable
              variable_name:
                text: code_libraries
                type: identifier
            - children: []
              type: string
            type: argument_list
          type: action
        type: expression
      - children:
        - arguments:
            text: end enter
            type: implicit_string
          children:
          - text: end enter
            type: implicit_string
          type: key_action
        expression:
          arguments:
            text: end enter
            type: implicit_string
          children:
          - text: end enter
            type: implicit_string
          type: key_action
        type: expression
      type: block
    rule:
      children:
      - children:
        - text: library
          type: word
        - capture_name:
            text: user.code_libraries
            type: identifier
          children:
          - text: user.code_libraries
            type: identifier
          type: capture
        type: seq
      type: rule
    script:
      children:
      - children:
        - action_name:
            text: user.code_insert_library
            type: identifier
          arguments:
            children:
            - children:
              - text: code_libraries
                type: identifier
              type: variable
              variable_name:
                text: code_libraries
                type: identifier
            - children: []
              type: string
            type: argument_list
          children:
          - text: user.code_insert_library
            type: identifier
          - children:
            - children:
              - text: code_libraries
                type: identifier
              type: variable
              variable_name:
                text: code_libraries
                type: identifier
            - children: []
              type: string
            type: argument_list
          type: action
        expression:
          action_name:
            text: user.code_insert_library
            type: identifier
          arguments:
            children:
            - children:
              - text: code_libraries
                type: identifier
              type: variable
              variable_name:
                text: code_libraries
                type: identifier
            - children: []
              type: string
            type: argument_list
          children:
          - text: user.code_insert_library
            type: identifier
          - children:
            - children:
              - text: code_libraries
                type: identifier
              type: variable
              variable_name:
                text: code_libraries
                type: identifier
            - children: []
              type: string
            type: argument_list
          type: action
        type: expression
      - children:
        - arguments:
            text: end enter
            type: implicit_string
          children:
          - text: end enter
            type: implicit_string
          type: key_action
        expression:
          arguments:
            text: end enter
            type: implicit_string
          children:
          - text: end enter
            type: implicit_string
          type: key_action
        type: expression
      type: block
    type: command
  - text: '# R specific commands'
    type: comment
  - children:
    - children:
      - children:
        - children:
          - text: chain
            type: word
          - children:
            - text: pipe
              type: word
            - text: that
              type: word
            type: seq
          type: choice
        type: parenthesized_rule
      type: rule
    - children:
      - children:
        - arguments:
            text: end
            type: implicit_string
          children:
          - text: end
            type: implicit_string
          type: key_action
        expression:
          arguments:
            text: end
            type: implicit_string
          children:
          - text: end
            type: implicit_string
          type: key_action
        type: expression
      - children:
        - children:
          - text: ' %>%'
            type: string_content
          type: string
        expression:
          children:
          - text: ' %>%'
            type: string_content
          type: string
        type: expression
      - children:
        - arguments:
            text: enter
            type: implicit_string
          children:
          - text: enter
            type: implicit_string
          type: key_action
        expression:
          arguments:
            text: enter
            type: implicit_string
          children:
          - text: enter
            type: implicit_string
          type: key_action
        type: expression
      type: block
    rule:
      children:
      - children:
        - children:
          - text: chain
            type: word
          - children:
            - text: pipe
              type: word
            - text: that
              type: word
            type: seq
          type: choice
        type: parenthesized_rule
      type: rule
    script:
      children:
      - children:
        - arguments:
            text: end
            type: implicit_string
          children:
          - text: end
            type: implicit_string
          type: key_action
        expression:
          arguments:
            text: end
            type: implicit_string
          children:
          - text: end
            type: implicit_string
          type: key_action
        type: expression
      - children:
        - children:
          - text: ' %>%'
            type: string_content
          type: string
        expression:
          children:
          - text: ' %>%'
            type: string_content
          type: string
        type: expression
      - children:
        - arguments:
            text: enter
            type: implicit_string
          children:
          - text: enter
            type: implicit_string
          type: key_action
        expression:
          arguments:
            text: enter
            type: implicit_string
          children:
          - text: enter
            type: implicit_string
          type: key_action
        type: expression
      type: block
    type: command
  - children:
    - children:
      - children:
        - text: state
          type: word
        - text: na
          type: word
        type: seq
      type: rule
    - children:
      - children:
        - action_name:
            text: insert
            type: identifier
          arguments:
            children:
            - children:
              - text: NA
                type: string_content
              type: string
            type: argument_list
          children:
          - text: insert
            type: identifier
          - children:
            - children:
              - text: NA
                type: string_content
              type: string
            type: argument_list
          type: action
        expression:
          action_name:
            text: insert
            type: identifier
          arguments:
            children:
            - children:
              - text: NA
                type: string_content
              type: string
            type: argument_list
          children:
          - text: insert
            type: identifier
          - children:
            - children:
              - text: NA
                type: string_content
              type: string
            type: argument_list
          type: action
        type: expression
      type: block
    rule:
      children:
      - children:
        - text: state
          type: word
        - text: na
          type: word
        type: seq
      type: rule
    script:
      children:
      - children:
        - action_name:
            text: insert
            type: identifier
          arguments:
            children:
            - children:
              - text: NA
                type: string_content
              type: string
            type: argument_list
          children:
          - text: insert
            type: identifier
          - children:
            - children:
              - text: NA
                type: string_content
              type: string
            type: argument_list
          type: action
        expression:
          action_name:
            text: insert
            type: identifier
          arguments:
            children:
            - children:
              - text: NA
                type: string_content
              type: string
            type: argument_list
          children:
          - text: insert
            type: identifier
          - children:
            - children:
              - text: NA
                type: string_content
              type: string
            type: argument_list
          type: action
        type: expression
      type: block
    type: command
  - text: '# TODO: migrate to function tag'
    type: comment
  - children:
    - children:
      - text: ^
        type: start_anchor
      - children:
        - text: function
          type: word
        - text: define
          type: word
        - capture_name:
            text: user.text
            type: identifier
          children:
          - text: user.text
            type: identifier
          type: capture
        type: seq
      - text: $
        type: end_anchor
      type: rule
    - children:
      - children:
        - action_name:
            text: user.code_private_function
            type: identifier
          arguments:
            children:
            - children:
              - text: text
                type: identifier
              type: variable
              variable_name:
                text: text
                type: identifier
            type: argument_list
          children:
          - text: user.code_private_function
            type: identifier
          - children:
            - children:
              - text: text
                type: identifier
              type: variable
              variable_name:
                text: text
                type: identifier
            type: argument_list
          type: action
        expression:
          action_name:
            text: user.code_private_function
            type: identifier
          arguments:
            children:
            - children:
              - text: text
                type: identifier
              type: variable
              variable_name:
                text: text
                type: identifier
            type: argument_list
          children:
          - text: user.code_private_function
            type: identifier
          - children:
            - children:
              - text: text
                type: identifier
              type: variable
              variable_name:
                text: text
                type: identifier
            type: argument_list
          type: action
        type: expression
      type: block
    rule:
      children:
      - text: ^
        type: start_anchor
      - children:
        - text: function
          type: word
        - text: define
          type: word
        - capture_name:
            text: user.text
            type: identifier
          children:
          - text: user.text
            type: identifier
          type: capture
        type: seq
      - text: $
        type: end_anchor
      type: rule
    script:
      children:
      - children:
        - action_name:
            text: user.code_private_function
            type: identifier
          arguments:
            children:
            - children:
              - text: text
                type: identifier
              type: variable
              variable_name:
                text: text
                type: identifier
            type: argument_list
          children:
          - text: user.code_private_function
            type: identifier
          - children:
            - children:
              - text: text
                type: identifier
              type: variable
              variable_name:
                text: text
                type: identifier
            type: argument_list
          type: action
        expression:
          action_name:
            text: user.code_private_function
            type: identifier
          arguments:
            children:
            - children:
              - text: text
                type: identifier
              type: variable
              variable_name:
                text: text
                type: identifier
            type: argument_list
          children:
          - text: user.code_private_function
            type: identifier
          - children:
            - children:
              - text: text
                type: identifier
              type: variable
              variable_name:
                text: text
                type: identifier
            type: argument_list
          type: action
        type: expression
      type: block
    type: command
  - children:
    - children:
      - children:
        - text: named
          type: word
        - text: arg
          type: word
        - children:
          - text: user.code_parameter_name
            type: identifier
          list_name:
            text: user.code_parameter_name
            type: identifier
          type: list
        type: seq
      type: rule
    - children:
      - children:
        - action_name:
            text: user.code_insert_named_argument
            type: identifier
          arguments:
            children:
            - children:
              - text: code_parameter_name
                type: identifier
              type: variable
              variable_name:
                text: code_parameter_name
                type: identifier
            type: argument_list
          children:
          - text: user.code_insert_named_argument
            type: identifier
          - children:
            - children:
              - text: code_parameter_name
                type: identifier
              type: variable
              variable_name:
                text: code_parameter_name
                type: identifier
            type: argument_list
          type: action
        expression:
          action_name:
            text: user.code_insert_named_argument
            type: identifier
          arguments:
            children:
            - children:
              - text: code_parameter_name
                type: identifier
              type: variable
              variable_name:
                text: code_parameter_name
                type: identifier
            type: argument_list
          children:
          - text: user.code_insert_named_argument
            type: identifier
          - children:
            - children:
              - text: code_parameter_name
                type: identifier
              type: variable
              variable_name:
                text: code_parameter_name
                type: identifier
            type: argument_list
          type: action
        type: expression
      type: block
    rule:
      children:
      - children:
        - text: named
          type: word
        - text: arg
          type: word
        - children:
          - text: user.code_parameter_name
            type: identifier
          list_name:
            text: user.code_parameter_name
            type: identifier
          type: list
        type: seq
      type: rule
    script:
      children:
      - children:
        - action_name:
            text: user.code_insert_named_argument
            type: identifier
          arguments:
            children:
            - children:
              - text: code_parameter_name
                type: identifier
              type: variable
              variable_name:
                text: code_parameter_name
                type: identifier
            type: argument_list
          children:
          - text: user.code_insert_named_argument
            type: identifier
          - children:
            - children:
              - text: code_parameter_name
                type: identifier
              type: variable
              variable_name:
                text: code_parameter_name
                type: identifier
            type: argument_list
          type: action
        expression:
          action_name:
            text: user.code_insert_named_argument
            type: identifier
          arguments:
            children:
            - children:
              - text: code_parameter_name
                type: identifier
              type: variable
              variable_name:
                text: code_parameter_name
                type: identifier
            type: argument_list
          children:
          - text: user.code_insert_named_argument
            type: identifier
          - children:
            - children:
              - text: code_parameter_name
                type: identifier
              type: variable
              variable_name:
                text: code_parameter_name
                type: identifier
            type: argument_list
          type: action
        type: expression
      type: block
    type: command
  type: source_file
