input: "user.draft_editor_running: True\nnot tag: user.draft_editor_app_focused\n\
  -\n\ndraft this:\n\tuser.draft_editor_open()\n\ndraft all:\n\tedit.select_all()\n\
  \tuser.draft_editor_open()\n\ndraft line:\n\tedit.select_line()\n\tuser.draft_editor_open()\n\
  \ndraft top:\n  edit.extend_file_start()\n  user.draft_editor_open()\n\ndraft bottom:\n\
  \  edit.extend_file_end()\n  user.draft_editor_open()\n\ndraft submit:\n  user.draft_editor_paste_last()\n"
output:
  children:
  - children:
    - children:
      - children:
        - text: user.draft_editor_running
          type: identifier
        - text: ' True'
          type: implicit_string
        key:
          text: user.draft_editor_running
          type: identifier
        pattern:
          text: ' True'
          type: implicit_string
        type: match
      - children:
        - children:
          - text: tag
            type: identifier
          - text: ' user.draft_editor_app_focused'
            type: implicit_string
          key:
            text: tag
            type: identifier
          pattern:
            text: ' user.draft_editor_app_focused'
            type: implicit_string
          type: match
        type: not
      type: or
    type: context
  - children:
    - children:
      - children:
        - text: draft
          type: word
        - text: this
          type: word
        type: seq
      type: rule
    - children:
      - children:
        - action_name:
            text: user.draft_editor_open
            type: identifier
          arguments:
            children: []
            type: argument_list
          children:
          - text: user.draft_editor_open
            type: identifier
          - children: []
            type: argument_list
          type: action
        expression:
          action_name:
            text: user.draft_editor_open
            type: identifier
          arguments:
            children: []
            type: argument_list
          children:
          - text: user.draft_editor_open
            type: identifier
          - children: []
            type: argument_list
          type: action
        type: expression
      type: block
    rule:
      children:
      - children:
        - text: draft
          type: word
        - text: this
          type: word
        type: seq
      type: rule
    script:
      children:
      - children:
        - action_name:
            text: user.draft_editor_open
            type: identifier
          arguments:
            children: []
            type: argument_list
          children:
          - text: user.draft_editor_open
            type: identifier
          - children: []
            type: argument_list
          type: action
        expression:
          action_name:
            text: user.draft_editor_open
            type: identifier
          arguments:
            children: []
            type: argument_list
          children:
          - text: user.draft_editor_open
            type: identifier
          - children: []
            type: argument_list
          type: action
        type: expression
      type: block
    type: command
  - children:
    - children:
      - children:
        - text: draft
          type: word
        - text: all
          type: word
        type: seq
      type: rule
    - children:
      - children:
        - action_name:
            text: edit.select_all
            type: identifier
          arguments:
            children: []
            type: argument_list
          children:
          - text: edit.select_all
            type: identifier
          - children: []
            type: argument_list
          type: action
        expression:
          action_name:
            text: edit.select_all
            type: identifier
          arguments:
            children: []
            type: argument_list
          children:
          - text: edit.select_all
            type: identifier
          - children: []
            type: argument_list
          type: action
        type: expression
      - children:
        - action_name:
            text: user.draft_editor_open
            type: identifier
          arguments:
            children: []
            type: argument_list
          children:
          - text: user.draft_editor_open
            type: identifier
          - children: []
            type: argument_list
          type: action
        expression:
          action_name:
            text: user.draft_editor_open
            type: identifier
          arguments:
            children: []
            type: argument_list
          children:
          - text: user.draft_editor_open
            type: identifier
          - children: []
            type: argument_list
          type: action
        type: expression
      type: block
    rule:
      children:
      - children:
        - text: draft
          type: word
        - text: all
          type: word
        type: seq
      type: rule
    script:
      children:
      - children:
        - action_name:
            text: edit.select_all
            type: identifier
          arguments:
            children: []
            type: argument_list
          children:
          - text: edit.select_all
            type: identifier
          - children: []
            type: argument_list
          type: action
        expression:
          action_name:
            text: edit.select_all
            type: identifier
          arguments:
            children: []
            type: argument_list
          children:
          - text: edit.select_all
            type: identifier
          - children: []
            type: argument_list
          type: action
        type: expression
      - children:
        - action_name:
            text: user.draft_editor_open
            type: identifier
          arguments:
            children: []
            type: argument_list
          children:
          - text: user.draft_editor_open
            type: identifier
          - children: []
            type: argument_list
          type: action
        expression:
          action_name:
            text: user.draft_editor_open
            type: identifier
          arguments:
            children: []
            type: argument_list
          children:
          - text: user.draft_editor_open
            type: identifier
          - children: []
            type: argument_list
          type: action
        type: expression
      type: block
    type: command
  - children:
    - children:
      - children:
        - text: draft
          type: word
        - text: line
          type: word
        type: seq
      type: rule
    - children:
      - children:
        - action_name:
            text: edit.select_line
            type: identifier
          arguments:
            children: []
            type: argument_list
          children:
          - text: edit.select_line
            type: identifier
          - children: []
            type: argument_list
          type: action
        expression:
          action_name:
            text: edit.select_line
            type: identifier
          arguments:
            children: []
            type: argument_list
          children:
          - text: edit.select_line
            type: identifier
          - children: []
            type: argument_list
          type: action
        type: expression
      - children:
        - action_name:
            text: user.draft_editor_open
            type: identifier
          arguments:
            children: []
            type: argument_list
          children:
          - text: user.draft_editor_open
            type: identifier
          - children: []
            type: argument_list
          type: action
        expression:
          action_name:
            text: user.draft_editor_open
            type: identifier
          arguments:
            children: []
            type: argument_list
          children:
          - text: user.draft_editor_open
            type: identifier
          - children: []
            type: argument_list
          type: action
        type: expression
      type: block
    rule:
      children:
      - children:
        - text: draft
          type: word
        - text: line
          type: word
        type: seq
      type: rule
    script:
      children:
      - children:
        - action_name:
            text: edit.select_line
            type: identifier
          arguments:
            children: []
            type: argument_list
          children:
          - text: edit.select_line
            type: identifier
          - children: []
            type: argument_list
          type: action
        expression:
          action_name:
            text: edit.select_line
            type: identifier
          arguments:
            children: []
            type: argument_list
          children:
          - text: edit.select_line
            type: identifier
          - children: []
            type: argument_list
          type: action
        type: expression
      - children:
        - action_name:
            text: user.draft_editor_open
            type: identifier
          arguments:
            children: []
            type: argument_list
          children:
          - text: user.draft_editor_open
            type: identifier
          - children: []
            type: argument_list
          type: action
        expression:
          action_name:
            text: user.draft_editor_open
            type: identifier
          arguments:
            children: []
            type: argument_list
          children:
          - text: user.draft_editor_open
            type: identifier
          - children: []
            type: argument_list
          type: action
        type: expression
      type: block
    type: command
  - children:
    - children:
      - children:
        - text: draft
          type: word
        - text: top
          type: word
        type: seq
      type: rule
    - children:
      - children:
        - action_name:
            text: edit.extend_file_start
            type: identifier
          arguments:
            children: []
            type: argument_list
          children:
          - text: edit.extend_file_start
            type: identifier
          - children: []
            type: argument_list
          type: action
        expression:
          action_name:
            text: edit.extend_file_start
            type: identifier
          arguments:
            children: []
            type: argument_list
          children:
          - text: edit.extend_file_start
            type: identifier
          - children: []
            type: argument_list
          type: action
        type: expression
      - children:
        - action_name:
            text: user.draft_editor_open
            type: identifier
          arguments:
            children: []
            type: argument_list
          children:
          - text: user.draft_editor_open
            type: identifier
          - children: []
            type: argument_list
          type: action
        expression:
          action_name:
            text: user.draft_editor_open
            type: identifier
          arguments:
            children: []
            type: argument_list
          children:
          - text: user.draft_editor_open
            type: identifier
          - children: []
            type: argument_list
          type: action
        type: expression
      type: block
    rule:
      children:
      - children:
        - text: draft
          type: word
        - text: top
          type: word
        type: seq
      type: rule
    script:
      children:
      - children:
        - action_name:
            text: edit.extend_file_start
            type: identifier
          arguments:
            children: []
            type: argument_list
          children:
          - text: edit.extend_file_start
            type: identifier
          - children: []
            type: argument_list
          type: action
        expression:
          action_name:
            text: edit.extend_file_start
            type: identifier
          arguments:
            children: []
            type: argument_list
          children:
          - text: edit.extend_file_start
            type: identifier
          - children: []
            type: argument_list
          type: action
        type: expression
      - children:
        - action_name:
            text: user.draft_editor_open
            type: identifier
          arguments:
            children: []
            type: argument_list
          children:
          - text: user.draft_editor_open
            type: identifier
          - children: []
            type: argument_list
          type: action
        expression:
          action_name:
            text: user.draft_editor_open
            type: identifier
          arguments:
            children: []
            type: argument_list
          children:
          - text: user.draft_editor_open
            type: identifier
          - children: []
            type: argument_list
          type: action
        type: expression
      type: block
    type: command
  - children:
    - children:
      - children:
        - text: draft
          type: word
        - text: bottom
          type: word
        type: seq
      type: rule
    - children:
      - children:
        - action_name:
            text: edit.extend_file_end
            type: identifier
          arguments:
            children: []
            type: argument_list
          children:
          - text: edit.extend_file_end
            type: identifier
          - children: []
            type: argument_list
          type: action
        expression:
          action_name:
            text: edit.extend_file_end
            type: identifier
          arguments:
            children: []
            type: argument_list
          children:
          - text: edit.extend_file_end
            type: identifier
          - children: []
            type: argument_list
          type: action
        type: expression
      - children:
        - action_name:
            text: user.draft_editor_open
            type: identifier
          arguments:
            children: []
            type: argument_list
          children:
          - text: user.draft_editor_open
            type: identifier
          - children: []
            type: argument_list
          type: action
        expression:
          action_name:
            text: user.draft_editor_open
            type: identifier
          arguments:
            children: []
            type: argument_list
          children:
          - text: user.draft_editor_open
            type: identifier
          - children: []
            type: argument_list
          type: action
        type: expression
      type: block
    rule:
      children:
      - children:
        - text: draft
          type: word
        - text: bottom
          type: word
        type: seq
      type: rule
    script:
      children:
      - children:
        - action_name:
            text: edit.extend_file_end
            type: identifier
          arguments:
            children: []
            type: argument_list
          children:
          - text: edit.extend_file_end
            type: identifier
          - children: []
            type: argument_list
          type: action
        expression:
          action_name:
            text: edit.extend_file_end
            type: identifier
          arguments:
            children: []
            type: argument_list
          children:
          - text: edit.extend_file_end
            type: identifier
          - children: []
            type: argument_list
          type: action
        type: expression
      - children:
        - action_name:
            text: user.draft_editor_open
            type: identifier
          arguments:
            children: []
            type: argument_list
          children:
          - text: user.draft_editor_open
            type: identifier
          - children: []
            type: argument_list
          type: action
        expression:
          action_name:
            text: user.draft_editor_open
            type: identifier
          arguments:
            children: []
            type: argument_list
          children:
          - text: user.draft_editor_open
            type: identifier
          - children: []
            type: argument_list
          type: action
        type: expression
      type: block
    type: command
  - children:
    - children:
      - children:
        - text: draft
          type: word
        - text: submit
          type: word
        type: seq
      type: rule
    - children:
      - children:
        - action_name:
            text: user.draft_editor_paste_last
            type: identifier
          arguments:
            children: []
            type: argument_list
          children:
          - text: user.draft_editor_paste_last
            type: identifier
          - children: []
            type: argument_list
          type: action
        expression:
          action_name:
            text: user.draft_editor_paste_last
            type: identifier
          arguments:
            children: []
            type: argument_list
          children:
          - text: user.draft_editor_paste_last
            type: identifier
          - children: []
            type: argument_list
          type: action
        type: expression
      type: block
    rule:
      children:
      - children:
        - text: draft
          type: word
        - text: submit
          type: word
        type: seq
      type: rule
    script:
      children:
      - children:
        - action_name:
            text: user.draft_editor_paste_last
            type: identifier
          arguments:
            children: []
            type: argument_list
          children:
          - text: user.draft_editor_paste_last
            type: identifier
          - children: []
            type: argument_list
          type: action
        expression:
          action_name:
            text: user.draft_editor_paste_last
            type: identifier
          arguments:
            children: []
            type: argument_list
          children:
          - text: user.draft_editor_paste_last
            type: identifier
          - children: []
            type: argument_list
          type: action
        type: expression
      type: block
    type: command
  type: source_file
