input: |
  app: thunderbird_contacts
  -
  contact new: user.thunderbird_mod("n")
  contact edit: user.thunderbird_mod("i")
  contact delete: key(delete)
  contact print: user.thunderbird_mod("p")
  contact message: user.thunderbird_mod("m")
  contact up: key(up)
  contact down: key(down)
output:
  type: source_file
  children:
    - type: context
      children:
        - type: match
          children: []
          key:
            text: app
            type: identifier
          pattern:
            text: " thunderbird_contacts"
            type: implicit_string
    - type: command
      children: []
      rule:
        type: rule
        children:
          - type: seq
            children:
              - text: contact
                type: word
              - text: new
                type: word
      script:
        type: block
        children:
          - type: expression
            children: []
            expression:
              type: action
              children: []
              action_name:
                text: user.thunderbird_mod
                type: identifier
              arguments:
                type: argument_list
                children:
                  - type: string
                    children:
                      - text: n
                        type: string_content
    - type: command
      children: []
      rule:
        type: rule
        children:
          - type: seq
            children:
              - text: contact
                type: word
              - text: edit
                type: word
      script:
        type: block
        children:
          - type: expression
            children: []
            expression:
              type: action
              children: []
              action_name:
                text: user.thunderbird_mod
                type: identifier
              arguments:
                type: argument_list
                children:
                  - type: string
                    children:
                      - text: i
                        type: string_content
    - type: command
      children: []
      rule:
        type: rule
        children:
          - type: seq
            children:
              - text: contact
                type: word
              - text: delete
                type: word
      script:
        type: block
        children:
          - type: expression
            children: []
            expression:
              type: key_action
              children: []
              arguments:
                text: delete
                type: implicit_string
    - type: command
      children: []
      rule:
        type: rule
        children:
          - type: seq
            children:
              - text: contact
                type: word
              - text: print
                type: word
      script:
        type: block
        children:
          - type: expression
            children: []
            expression:
              type: action
              children: []
              action_name:
                text: user.thunderbird_mod
                type: identifier
              arguments:
                type: argument_list
                children:
                  - type: string
                    children:
                      - text: p
                        type: string_content
    - type: command
      children: []
      rule:
        type: rule
        children:
          - type: seq
            children:
              - text: contact
                type: word
              - text: message
                type: word
      script:
        type: block
        children:
          - type: expression
            children: []
            expression:
              type: action
              children: []
              action_name:
                text: user.thunderbird_mod
                type: identifier
              arguments:
                type: argument_list
                children:
                  - type: string
                    children:
                      - text: m
                        type: string_content
    - type: command
      children: []
      rule:
        type: rule
        children:
          - type: seq
            children:
              - text: contact
                type: word
              - text: up
                type: word
      script:
        type: block
        children:
          - type: expression
            children: []
            expression:
              type: key_action
              children: []
              arguments:
                text: up
                type: implicit_string
    - type: command
      children: []
      rule:
        type: rule
        children:
          - type: seq
            children:
              - text: contact
                type: word
              - text: down
                type: word
      script:
        type: block
        children:
          - type: expression
            children: []
            expression:
              type: key_action
              children: []
              arguments:
                text: down
                type: implicit_string
