input: "tag: user.code_comment_line\n-\ncomment: user.code_comment_line_prefix()\n\
  comment line:\n    #todo: this should probably be a single function once\n    #.talon\
  \ supports implementing actions with parameters?\n\tedit.line_start()\n    user.code_comment_line_prefix()\n\
  #adds comment to the start of the line\ncomment line <user.text> over:\n    #todo:\
  \ this should probably be a single function once\n    #.talon supports implementing\
  \ actions with parameters?\n    edit.line_start()\n    user.code_comment_line_prefix()\n\
  \tinsert(user.text)\n    insert(\" \")\ncomment <user.text> over:\n    #todo: this\
  \ should probably be a single function once\n    #.talon supports implementing actions\
  \ with parameters?\n\tuser.code_comment_line_prefix()\n    insert(user.text)\ncomment\
  \ <user.text>$:\n    #todo: this should probably be a single function once\n   \
  \ #.talon supports implementing actions with parameters?\n    user.code_comment_line_prefix()\n\
  \    insert(user.text)\n(line | inline) comment <user.text> over:\n    #todo: this\
  \ should probably be a single function once\n    #.talon supports implementing actions\
  \ with parameters?\n\tedit.line_end()\n   \tuser.code_comment_line_prefix()\n  \
  \  insert(user.text)\n(line | inline) comment <user.text>$:\n    #todo: this should\
  \ probably be a single function once\n    #.talon supports implementing actions\
  \ with parameters?\n\tedit.line_end()\n   \tuser.code_comment_line_prefix()\n  \
  \  insert(user.text)\n"
output:
  type: source_file
  children:
  - type: context
    children:
    - type: match
      children:
      - text: tag
        type: identifier
      - text: ' user.code_comment_line'
        type: implicit_string
      key:
        text: tag
        type: identifier
      pattern:
        text: ' user.code_comment_line'
        type: implicit_string
  - type: command
    children:
    - type: rule
      children:
      - text: comment
        type: word
    - type: block
      children:
      - type: expression
        children:
        - type: action
          children:
          - text: user.code_comment_line_prefix
            type: identifier
          - type: argument_list
            children: []
          action_name:
            text: user.code_comment_line_prefix
            type: identifier
          arguments:
            type: argument_list
            children: []
        expression:
          type: action
          children:
          - text: user.code_comment_line_prefix
            type: identifier
          - type: argument_list
            children: []
          action_name:
            text: user.code_comment_line_prefix
            type: identifier
          arguments:
            type: argument_list
            children: []
    rule:
      type: rule
      children:
      - text: comment
        type: word
    script:
      type: block
      children:
      - type: expression
        children:
        - type: action
          children:
          - text: user.code_comment_line_prefix
            type: identifier
          - type: argument_list
            children: []
          action_name:
            text: user.code_comment_line_prefix
            type: identifier
          arguments:
            type: argument_list
            children: []
        expression:
          type: action
          children:
          - text: user.code_comment_line_prefix
            type: identifier
          - type: argument_list
            children: []
          action_name:
            text: user.code_comment_line_prefix
            type: identifier
          arguments:
            type: argument_list
            children: []
  - type: command
    children:
    - type: rule
      children:
      - type: seq
        children:
        - text: comment
          type: word
        - text: line
          type: word
    - text: '#todo: this should probably be a single function once'
      type: comment
    - text: '#.talon supports implementing actions with parameters?'
      type: comment
    - type: block
      children:
      - type: expression
        children:
        - type: action
          children:
          - text: edit.line_start
            type: identifier
          - type: argument_list
            children: []
          action_name:
            text: edit.line_start
            type: identifier
          arguments:
            type: argument_list
            children: []
        expression:
          type: action
          children:
          - text: edit.line_start
            type: identifier
          - type: argument_list
            children: []
          action_name:
            text: edit.line_start
            type: identifier
          arguments:
            type: argument_list
            children: []
    rule:
      type: rule
      children:
      - type: seq
        children:
        - text: comment
          type: word
        - text: line
          type: word
    script:
      text: '#todo: this should probably be a single function once'
      type: comment
  - type: command
    children:
    - type: rule
      children:
      - type: seq
        children:
        - text: user
          type: word
        - type: ERROR
          children:
          - type: ERROR
            children: []
        - type: parenthesized_rule
          children:
          - text: ''
            type: word
        - text: '#adds comment to the start of the line'
          type: comment
        - text: comment
          type: word
        - text: line
          type: word
        - type: capture
          children:
          - text: user.text
            type: identifier
          capture_name:
            text: user.text
            type: identifier
        - text: over
          type: word
    - text: '#todo: this should probably be a single function once'
      type: comment
    - text: '#.talon supports implementing actions with parameters?'
      type: comment
    - type: block
      children:
      - type: expression
        children:
        - type: action
          children:
          - text: edit.line_start
            type: identifier
          - type: argument_list
            children: []
          action_name:
            text: edit.line_start
            type: identifier
          arguments:
            type: argument_list
            children: []
        expression:
          type: action
          children:
          - text: edit.line_start
            type: identifier
          - type: argument_list
            children: []
          action_name:
            text: edit.line_start
            type: identifier
          arguments:
            type: argument_list
            children: []
      - type: expression
        children:
        - type: action
          children:
          - text: user.code_comment_line_prefix
            type: identifier
          - type: argument_list
            children: []
          action_name:
            text: user.code_comment_line_prefix
            type: identifier
          arguments:
            type: argument_list
            children: []
        expression:
          type: action
          children:
          - text: user.code_comment_line_prefix
            type: identifier
          - type: argument_list
            children: []
          action_name:
            text: user.code_comment_line_prefix
            type: identifier
          arguments:
            type: argument_list
            children: []
      - type: expression
        children:
        - type: action
          children:
          - text: insert
            type: identifier
          - type: argument_list
            children:
            - type: variable
              children:
              - text: user.text
                type: identifier
              variable_name:
                text: user.text
                type: identifier
          action_name:
            text: insert
            type: identifier
          arguments:
            type: argument_list
            children:
            - type: variable
              children:
              - text: user.text
                type: identifier
              variable_name:
                text: user.text
                type: identifier
        expression:
          type: action
          children:
          - text: insert
            type: identifier
          - type: argument_list
            children:
            - type: variable
              children:
              - text: user.text
                type: identifier
              variable_name:
                text: user.text
                type: identifier
          action_name:
            text: insert
            type: identifier
          arguments:
            type: argument_list
            children:
            - type: variable
              children:
              - text: user.text
                type: identifier
              variable_name:
                text: user.text
                type: identifier
      - type: expression
        children:
        - type: action
          children:
          - text: insert
            type: identifier
          - type: argument_list
            children:
            - type: string
              children:
              - text: ' '
                type: string_content
          action_name:
            text: insert
            type: identifier
          arguments:
            type: argument_list
            children:
            - type: string
              children:
              - text: ' '
                type: string_content
        expression:
          type: action
          children:
          - text: insert
            type: identifier
          - type: argument_list
            children:
            - type: string
              children:
              - text: ' '
                type: string_content
          action_name:
            text: insert
            type: identifier
          arguments:
            type: argument_list
            children:
            - type: string
              children:
              - text: ' '
                type: string_content
    rule:
      type: rule
      children:
      - type: seq
        children:
        - text: user
          type: word
        - type: ERROR
          children:
          - type: ERROR
            children: []
        - type: parenthesized_rule
          children:
          - text: ''
            type: word
        - text: '#adds comment to the start of the line'
          type: comment
        - text: comment
          type: word
        - text: line
          type: word
        - type: capture
          children:
          - text: user.text
            type: identifier
          capture_name:
            text: user.text
            type: identifier
        - text: over
          type: word
    script:
      text: '#todo: this should probably be a single function once'
      type: comment
  - type: command
    children:
    - type: rule
      children:
      - type: seq
        children:
        - text: comment
          type: word
        - type: capture
          children:
          - text: user.text
            type: identifier
          capture_name:
            text: user.text
            type: identifier
        - text: over
          type: word
    - text: '#todo: this should probably be a single function once'
      type: comment
    - text: '#.talon supports implementing actions with parameters?'
      type: comment
    - type: block
      children:
      - type: expression
        children:
        - type: action
          children:
          - text: user.code_comment_line_prefix
            type: identifier
          - type: argument_list
            children: []
          action_name:
            text: user.code_comment_line_prefix
            type: identifier
          arguments:
            type: argument_list
            children: []
        expression:
          type: action
          children:
          - text: user.code_comment_line_prefix
            type: identifier
          - type: argument_list
            children: []
          action_name:
            text: user.code_comment_line_prefix
            type: identifier
          arguments:
            type: argument_list
            children: []
    rule:
      type: rule
      children:
      - type: seq
        children:
        - text: comment
          type: word
        - type: capture
          children:
          - text: user.text
            type: identifier
          capture_name:
            text: user.text
            type: identifier
        - text: over
          type: word
    script:
      text: '#todo: this should probably be a single function once'
      type: comment
  - type: command
    children:
    - type: rule
      children:
      - type: seq
        children:
        - text: insert
          type: word
        - type: parenthesized_rule
          children:
          - text: user
            type: word
          - type: ERROR
            children:
            - type: ERROR
              children: []
        - text: comment
          type: word
        - type: capture
          children:
          - text: user.text
            type: identifier
          capture_name:
            text: user.text
            type: identifier
      - text: $
        type: end_anchor
    - text: '#todo: this should probably be a single function once'
      type: comment
    - text: '#.talon supports implementing actions with parameters?'
      type: comment
    - type: block
      children:
      - type: expression
        children:
        - type: action
          children:
          - text: user.code_comment_line_prefix
            type: identifier
          - type: argument_list
            children: []
          action_name:
            text: user.code_comment_line_prefix
            type: identifier
          arguments:
            type: argument_list
            children: []
        expression:
          type: action
          children:
          - text: user.code_comment_line_prefix
            type: identifier
          - type: argument_list
            children: []
          action_name:
            text: user.code_comment_line_prefix
            type: identifier
          arguments:
            type: argument_list
            children: []
      - type: expression
        children:
        - type: action
          children:
          - text: insert
            type: identifier
          - type: argument_list
            children:
            - type: variable
              children:
              - text: user.text
                type: identifier
              variable_name:
                text: user.text
                type: identifier
          action_name:
            text: insert
            type: identifier
          arguments:
            type: argument_list
            children:
            - type: variable
              children:
              - text: user.text
                type: identifier
              variable_name:
                text: user.text
                type: identifier
        expression:
          type: action
          children:
          - text: insert
            type: identifier
          - type: argument_list
            children:
            - type: variable
              children:
              - text: user.text
                type: identifier
              variable_name:
                text: user.text
                type: identifier
          action_name:
            text: insert
            type: identifier
          arguments:
            type: argument_list
            children:
            - type: variable
              children:
              - text: user.text
                type: identifier
              variable_name:
                text: user.text
                type: identifier
    rule:
      type: rule
      children:
      - type: seq
        children:
        - text: insert
          type: word
        - type: parenthesized_rule
          children:
          - text: user
            type: word
          - type: ERROR
            children:
            - type: ERROR
              children: []
        - text: comment
          type: word
        - type: capture
          children:
          - text: user.text
            type: identifier
          capture_name:
            text: user.text
            type: identifier
      - text: $
        type: end_anchor
    script:
      text: '#todo: this should probably be a single function once'
      type: comment
  - type: command
    children:
    - type: rule
      children:
      - type: seq
        children:
        - type: parenthesized_rule
          children:
          - type: choice
            children:
            - text: line
              type: word
            - text: inline
              type: word
        - text: comment
          type: word
        - type: capture
          children:
          - text: user.text
            type: identifier
          capture_name:
            text: user.text
            type: identifier
        - text: over
          type: word
    - text: '#todo: this should probably be a single function once'
      type: comment
    - text: '#.talon supports implementing actions with parameters?'
      type: comment
    - type: block
      children:
      - type: expression
        children:
        - type: action
          children:
          - text: edit.line_end
            type: identifier
          - type: argument_list
            children: []
          action_name:
            text: edit.line_end
            type: identifier
          arguments:
            type: argument_list
            children: []
        expression:
          type: action
          children:
          - text: edit.line_end
            type: identifier
          - type: argument_list
            children: []
          action_name:
            text: edit.line_end
            type: identifier
          arguments:
            type: argument_list
            children: []
      - type: expression
        children:
        - type: action
          children:
          - text: user.code_comment_line_prefix
            type: identifier
          - type: argument_list
            children: []
          action_name:
            text: user.code_comment_line_prefix
            type: identifier
          arguments:
            type: argument_list
            children: []
        expression:
          type: action
          children:
          - text: user.code_comment_line_prefix
            type: identifier
          - type: argument_list
            children: []
          action_name:
            text: user.code_comment_line_prefix
            type: identifier
          arguments:
            type: argument_list
            children: []
    rule:
      type: rule
      children:
      - type: seq
        children:
        - type: parenthesized_rule
          children:
          - type: choice
            children:
            - text: line
              type: word
            - text: inline
              type: word
        - text: comment
          type: word
        - type: capture
          children:
          - text: user.text
            type: identifier
          capture_name:
            text: user.text
            type: identifier
        - text: over
          type: word
    script:
      text: '#todo: this should probably be a single function once'
      type: comment
  - type: command
    children:
    - type: rule
      children:
      - type: seq
        children:
        - text: insert
          type: word
        - type: parenthesized_rule
          children:
          - text: user
            type: word
          - type: ERROR
            children:
            - type: ERROR
              children: []
        - type: parenthesized_rule
          children:
          - type: choice
            children:
            - text: line
              type: word
            - text: inline
              type: word
        - text: comment
          type: word
        - type: capture
          children:
          - text: user.text
            type: identifier
          capture_name:
            text: user.text
            type: identifier
      - text: $
        type: end_anchor
    - text: '#todo: this should probably be a single function once'
      type: comment
    - text: '#.talon supports implementing actions with parameters?'
      type: comment
    - type: block
      children:
      - type: expression
        children:
        - type: action
          children:
          - text: edit.line_end
            type: identifier
          - type: argument_list
            children: []
          action_name:
            text: edit.line_end
            type: identifier
          arguments:
            type: argument_list
            children: []
        expression:
          type: action
          children:
          - text: edit.line_end
            type: identifier
          - type: argument_list
            children: []
          action_name:
            text: edit.line_end
            type: identifier
          arguments:
            type: argument_list
            children: []
      - type: expression
        children:
        - type: action
          children:
          - text: user.code_comment_line_prefix
            type: identifier
          - type: argument_list
            children: []
          action_name:
            text: user.code_comment_line_prefix
            type: identifier
          arguments:
            type: argument_list
            children: []
        expression:
          type: action
          children:
          - text: user.code_comment_line_prefix
            type: identifier
          - type: argument_list
            children: []
          action_name:
            text: user.code_comment_line_prefix
            type: identifier
          arguments:
            type: argument_list
            children: []
    rule:
      type: rule
      children:
      - type: seq
        children:
        - text: insert
          type: word
        - type: parenthesized_rule
          children:
          - text: user
            type: word
          - type: ERROR
            children:
            - type: ERROR
              children: []
        - type: parenthesized_rule
          children:
          - type: choice
            children:
            - text: line
              type: word
            - text: inline
              type: word
        - text: comment
          type: word
        - type: capture
          children:
          - text: user.text
            type: identifier
          capture_name:
            text: user.text
            type: identifier
      - text: $
        type: end_anchor
    script:
      text: '#todo: this should probably be a single function once'
      type: comment
  - type: ERROR
    children:
    - type: seq
      children:
      - text: insert
        type: word
      - type: parenthesized_rule
        children:
        - text: user
          type: word
        - type: ERROR
          children:
          - type: ERROR
            children: []
