input: |
  tag: user.code_functions_common_gui_active
  -
  # Toggle prefix to be mentally similar to the 'toggle funk' show command
  toggle funk: user.code_toggle_functions()
output:
  children:
  - children:
    - children:
      - text: tag
        type: identifier
      - text: ' user.code_functions_common_gui_active'
        type: implicit_string
      key:
        text: tag
        type: identifier
      pattern:
        text: ' user.code_functions_common_gui_active'
        type: implicit_string
      type: match
    type: context
  - text: '# Toggle prefix to be mentally similar to the ''toggle funk'' show command'
    type: comment
  - children:
    - children:
      - children:
        - text: toggle
          type: word
        - text: funk
          type: word
        type: seq
      type: rule
    - children:
      - children:
        - action_name:
            text: user.code_toggle_functions
            type: identifier
          arguments:
            children: []
            type: argument_list
          children:
          - text: user.code_toggle_functions
            type: identifier
          - children: []
            type: argument_list
          type: action
        expression:
          action_name:
            text: user.code_toggle_functions
            type: identifier
          arguments:
            children: []
            type: argument_list
          children:
          - text: user.code_toggle_functions
            type: identifier
          - children: []
            type: argument_list
          type: action
        type: expression
      type: block
    rule:
      children:
      - children:
        - text: toggle
          type: word
        - text: funk
          type: word
        type: seq
      type: rule
    script:
      children:
      - children:
        - action_name:
            text: user.code_toggle_functions
            type: identifier
          arguments:
            children: []
            type: argument_list
          children:
          - text: user.code_toggle_functions
            type: identifier
          - children: []
            type: argument_list
          type: action
        expression:
          action_name:
            text: user.code_toggle_functions
            type: identifier
          arguments:
            children: []
            type: argument_list
          children:
          - text: user.code_toggle_functions
            type: identifier
          - children: []
            type: argument_list
          type: action
        type: expression
      type: block
    type: command
  type: source_file
