input: |
  app: adobe_acrobat_reader_dc
  -
  # Set tags
  tag(): user.tabs
  tag(): user.pages
output:
  children:
  - children:
    - children:
      - text: app
        type: identifier
      - text: ' adobe_acrobat_reader_dc'
        type: implicit_string
      key:
        text: app
        type: identifier
      pattern:
        text: ' adobe_acrobat_reader_dc'
        type: implicit_string
      type: match
    type: context
  - text: '# Set tags'
    type: comment
  - children:
    - text: user.tabs
      type: identifier
    tag:
      text: user.tabs
      type: identifier
    type: include_tag
  - children:
    - text: user.pages
      type: identifier
    tag:
      text: user.pages
      type: identifier
    type: include_tag
  type: source_file
