input: |
  ^grab screen$:                       user.screenshot()
  ^grab screen <number_small>$:        user.screenshot(number_small)
  ^grab window$:                       user.screenshot_window()
  ^grab selection$:                    user.screenshot_selection()
  ^grab settings$:                     user.screenshot_settings()
  ^grab screen clip$:                  user.screenshot_clipboard()
  ^grab screen <number_small> clip$:   user.screenshot_clipboard(number_small)
  ^grab window clip$:                  user.screenshot_window_clipboard()
output:
  children:
  - children: []
    type: context
  - children:
    - children:
      - text: ^
        type: start_anchor
      - children:
        - text: grab
          type: word
        - text: screen
          type: word
        type: seq
      - text: $
        type: end_anchor
      type: rule
    - children:
      - children:
        - action_name:
            text: user.screenshot
            type: identifier
          arguments:
            children: []
            type: argument_list
          children:
          - text: user.screenshot
            type: identifier
          - children: []
            type: argument_list
          type: action
        expression:
          action_name:
            text: user.screenshot
            type: identifier
          arguments:
            children: []
            type: argument_list
          children:
          - text: user.screenshot
            type: identifier
          - children: []
            type: argument_list
          type: action
        type: expression
      type: block
    rule:
      children:
      - text: ^
        type: start_anchor
      - children:
        - text: grab
          type: word
        - text: screen
          type: word
        type: seq
      - text: $
        type: end_anchor
      type: rule
    script:
      children:
      - children:
        - action_name:
            text: user.screenshot
            type: identifier
          arguments:
            children: []
            type: argument_list
          children:
          - text: user.screenshot
            type: identifier
          - children: []
            type: argument_list
          type: action
        expression:
          action_name:
            text: user.screenshot
            type: identifier
          arguments:
            children: []
            type: argument_list
          children:
          - text: user.screenshot
            type: identifier
          - children: []
            type: argument_list
          type: action
        type: expression
      type: block
    type: command
  - children:
    - children:
      - text: ^
        type: start_anchor
      - children:
        - text: grab
          type: word
        - text: screen
          type: word
        - capture_name:
            text: number_small
            type: identifier
          children:
          - text: number_small
            type: identifier
          type: capture
        type: seq
      - text: $
        type: end_anchor
      type: rule
    - children:
      - children:
        - action_name:
            text: user.screenshot
            type: identifier
          arguments:
            children:
            - children:
              - text: number_small
                type: identifier
              type: variable
              variable_name:
                text: number_small
                type: identifier
            type: argument_list
          children:
          - text: user.screenshot
            type: identifier
          - children:
            - children:
              - text: number_small
                type: identifier
              type: variable
              variable_name:
                text: number_small
                type: identifier
            type: argument_list
          type: action
        expression:
          action_name:
            text: user.screenshot
            type: identifier
          arguments:
            children:
            - children:
              - text: number_small
                type: identifier
              type: variable
              variable_name:
                text: number_small
                type: identifier
            type: argument_list
          children:
          - text: user.screenshot
            type: identifier
          - children:
            - children:
              - text: number_small
                type: identifier
              type: variable
              variable_name:
                text: number_small
                type: identifier
            type: argument_list
          type: action
        type: expression
      type: block
    rule:
      children:
      - text: ^
        type: start_anchor
      - children:
        - text: grab
          type: word
        - text: screen
          type: word
        - capture_name:
            text: number_small
            type: identifier
          children:
          - text: number_small
            type: identifier
          type: capture
        type: seq
      - text: $
        type: end_anchor
      type: rule
    script:
      children:
      - children:
        - action_name:
            text: user.screenshot
            type: identifier
          arguments:
            children:
            - children:
              - text: number_small
                type: identifier
              type: variable
              variable_name:
                text: number_small
                type: identifier
            type: argument_list
          children:
          - text: user.screenshot
            type: identifier
          - children:
            - children:
              - text: number_small
                type: identifier
              type: variable
              variable_name:
                text: number_small
                type: identifier
            type: argument_list
          type: action
        expression:
          action_name:
            text: user.screenshot
            type: identifier
          arguments:
            children:
            - children:
              - text: number_small
                type: identifier
              type: variable
              variable_name:
                text: number_small
                type: identifier
            type: argument_list
          children:
          - text: user.screenshot
            type: identifier
          - children:
            - children:
              - text: number_small
                type: identifier
              type: variable
              variable_name:
                text: number_small
                type: identifier
            type: argument_list
          type: action
        type: expression
      type: block
    type: command
  - children:
    - children:
      - text: ^
        type: start_anchor
      - children:
        - text: grab
          type: word
        - text: window
          type: word
        type: seq
      - text: $
        type: end_anchor
      type: rule
    - children:
      - children:
        - action_name:
            text: user.screenshot_window
            type: identifier
          arguments:
            children: []
            type: argument_list
          children:
          - text: user.screenshot_window
            type: identifier
          - children: []
            type: argument_list
          type: action
        expression:
          action_name:
            text: user.screenshot_window
            type: identifier
          arguments:
            children: []
            type: argument_list
          children:
          - text: user.screenshot_window
            type: identifier
          - children: []
            type: argument_list
          type: action
        type: expression
      type: block
    rule:
      children:
      - text: ^
        type: start_anchor
      - children:
        - text: grab
          type: word
        - text: window
          type: word
        type: seq
      - text: $
        type: end_anchor
      type: rule
    script:
      children:
      - children:
        - action_name:
            text: user.screenshot_window
            type: identifier
          arguments:
            children: []
            type: argument_list
          children:
          - text: user.screenshot_window
            type: identifier
          - children: []
            type: argument_list
          type: action
        expression:
          action_name:
            text: user.screenshot_window
            type: identifier
          arguments:
            children: []
            type: argument_list
          children:
          - text: user.screenshot_window
            type: identifier
          - children: []
            type: argument_list
          type: action
        type: expression
      type: block
    type: command
  - children:
    - children:
      - text: ^
        type: start_anchor
      - children:
        - text: grab
          type: word
        - text: selection
          type: word
        type: seq
      - text: $
        type: end_anchor
      type: rule
    - children:
      - children:
        - action_name:
            text: user.screenshot_selection
            type: identifier
          arguments:
            children: []
            type: argument_list
          children:
          - text: user.screenshot_selection
            type: identifier
          - children: []
            type: argument_list
          type: action
        expression:
          action_name:
            text: user.screenshot_selection
            type: identifier
          arguments:
            children: []
            type: argument_list
          children:
          - text: user.screenshot_selection
            type: identifier
          - children: []
            type: argument_list
          type: action
        type: expression
      type: block
    rule:
      children:
      - text: ^
        type: start_anchor
      - children:
        - text: grab
          type: word
        - text: selection
          type: word
        type: seq
      - text: $
        type: end_anchor
      type: rule
    script:
      children:
      - children:
        - action_name:
            text: user.screenshot_selection
            type: identifier
          arguments:
            children: []
            type: argument_list
          children:
          - text: user.screenshot_selection
            type: identifier
          - children: []
            type: argument_list
          type: action
        expression:
          action_name:
            text: user.screenshot_selection
            type: identifier
          arguments:
            children: []
            type: argument_list
          children:
          - text: user.screenshot_selection
            type: identifier
          - children: []
            type: argument_list
          type: action
        type: expression
      type: block
    type: command
  - children:
    - children:
      - text: ^
        type: start_anchor
      - children:
        - text: grab
          type: word
        - text: settings
          type: word
        type: seq
      - text: $
        type: end_anchor
      type: rule
    - children:
      - children:
        - action_name:
            text: user.screenshot_settings
            type: identifier
          arguments:
            children: []
            type: argument_list
          children:
          - text: user.screenshot_settings
            type: identifier
          - children: []
            type: argument_list
          type: action
        expression:
          action_name:
            text: user.screenshot_settings
            type: identifier
          arguments:
            children: []
            type: argument_list
          children:
          - text: user.screenshot_settings
            type: identifier
          - children: []
            type: argument_list
          type: action
        type: expression
      type: block
    rule:
      children:
      - text: ^
        type: start_anchor
      - children:
        - text: grab
          type: word
        - text: settings
          type: word
        type: seq
      - text: $
        type: end_anchor
      type: rule
    script:
      children:
      - children:
        - action_name:
            text: user.screenshot_settings
            type: identifier
          arguments:
            children: []
            type: argument_list
          children:
          - text: user.screenshot_settings
            type: identifier
          - children: []
            type: argument_list
          type: action
        expression:
          action_name:
            text: user.screenshot_settings
            type: identifier
          arguments:
            children: []
            type: argument_list
          children:
          - text: user.screenshot_settings
            type: identifier
          - children: []
            type: argument_list
          type: action
        type: expression
      type: block
    type: command
  - children:
    - children:
      - text: ^
        type: start_anchor
      - children:
        - text: grab
          type: word
        - text: screen
          type: word
        - text: clip
          type: word
        type: seq
      - text: $
        type: end_anchor
      type: rule
    - children:
      - children:
        - action_name:
            text: user.screenshot_clipboard
            type: identifier
          arguments:
            children: []
            type: argument_list
          children:
          - text: user.screenshot_clipboard
            type: identifier
          - children: []
            type: argument_list
          type: action
        expression:
          action_name:
            text: user.screenshot_clipboard
            type: identifier
          arguments:
            children: []
            type: argument_list
          children:
          - text: user.screenshot_clipboard
            type: identifier
          - children: []
            type: argument_list
          type: action
        type: expression
      type: block
    rule:
      children:
      - text: ^
        type: start_anchor
      - children:
        - text: grab
          type: word
        - text: screen
          type: word
        - text: clip
          type: word
        type: seq
      - text: $
        type: end_anchor
      type: rule
    script:
      children:
      - children:
        - action_name:
            text: user.screenshot_clipboard
            type: identifier
          arguments:
            children: []
            type: argument_list
          children:
          - text: user.screenshot_clipboard
            type: identifier
          - children: []
            type: argument_list
          type: action
        expression:
          action_name:
            text: user.screenshot_clipboard
            type: identifier
          arguments:
            children: []
            type: argument_list
          children:
          - text: user.screenshot_clipboard
            type: identifier
          - children: []
            type: argument_list
          type: action
        type: expression
      type: block
    type: command
  - children:
    - children:
      - text: ^
        type: start_anchor
      - children:
        - text: grab
          type: word
        - text: screen
          type: word
        - capture_name:
            text: number_small
            type: identifier
          children:
          - text: number_small
            type: identifier
          type: capture
        - text: clip
          type: word
        type: seq
      - text: $
        type: end_anchor
      type: rule
    - children:
      - children:
        - action_name:
            text: user.screenshot_clipboard
            type: identifier
          arguments:
            children:
            - children:
              - text: number_small
                type: identifier
              type: variable
              variable_name:
                text: number_small
                type: identifier
            type: argument_list
          children:
          - text: user.screenshot_clipboard
            type: identifier
          - children:
            - children:
              - text: number_small
                type: identifier
              type: variable
              variable_name:
                text: number_small
                type: identifier
            type: argument_list
          type: action
        expression:
          action_name:
            text: user.screenshot_clipboard
            type: identifier
          arguments:
            children:
            - children:
              - text: number_small
                type: identifier
              type: variable
              variable_name:
                text: number_small
                type: identifier
            type: argument_list
          children:
          - text: user.screenshot_clipboard
            type: identifier
          - children:
            - children:
              - text: number_small
                type: identifier
              type: variable
              variable_name:
                text: number_small
                type: identifier
            type: argument_list
          type: action
        type: expression
      type: block
    rule:
      children:
      - text: ^
        type: start_anchor
      - children:
        - text: grab
          type: word
        - text: screen
          type: word
        - capture_name:
            text: number_small
            type: identifier
          children:
          - text: number_small
            type: identifier
          type: capture
        - text: clip
          type: word
        type: seq
      - text: $
        type: end_anchor
      type: rule
    script:
      children:
      - children:
        - action_name:
            text: user.screenshot_clipboard
            type: identifier
          arguments:
            children:
            - children:
              - text: number_small
                type: identifier
              type: variable
              variable_name:
                text: number_small
                type: identifier
            type: argument_list
          children:
          - text: user.screenshot_clipboard
            type: identifier
          - children:
            - children:
              - text: number_small
                type: identifier
              type: variable
              variable_name:
                text: number_small
                type: identifier
            type: argument_list
          type: action
        expression:
          action_name:
            text: user.screenshot_clipboard
            type: identifier
          arguments:
            children:
            - children:
              - text: number_small
                type: identifier
              type: variable
              variable_name:
                text: number_small
                type: identifier
            type: argument_list
          children:
          - text: user.screenshot_clipboard
            type: identifier
          - children:
            - children:
              - text: number_small
                type: identifier
              type: variable
              variable_name:
                text: number_small
                type: identifier
            type: argument_list
          type: action
        type: expression
      type: block
    type: command
  - children:
    - children:
      - text: ^
        type: start_anchor
      - children:
        - text: grab
          type: word
        - text: window
          type: word
        - text: clip
          type: word
        type: seq
      - text: $
        type: end_anchor
      type: rule
    - children:
      - children:
        - action_name:
            text: user.screenshot_window_clipboard
            type: identifier
          arguments:
            children: []
            type: argument_list
          children:
          - text: user.screenshot_window_clipboard
            type: identifier
          - children: []
            type: argument_list
          type: action
        expression:
          action_name:
            text: user.screenshot_window_clipboard
            type: identifier
          arguments:
            children: []
            type: argument_list
          children:
          - text: user.screenshot_window_clipboard
            type: identifier
          - children: []
            type: argument_list
          type: action
        type: expression
      type: block
    rule:
      children:
      - text: ^
        type: start_anchor
      - children:
        - text: grab
          type: word
        - text: window
          type: word
        - text: clip
          type: word
        type: seq
      - text: $
        type: end_anchor
      type: rule
    script:
      children:
      - children:
        - action_name:
            text: user.screenshot_window_clipboard
            type: identifier
          arguments:
            children: []
            type: argument_list
          children:
          - text: user.screenshot_window_clipboard
            type: identifier
          - children: []
            type: argument_list
          type: action
        expression:
          action_name:
            text: user.screenshot_window_clipboard
            type: identifier
          arguments:
            children: []
            type: argument_list
          children:
          - text: user.screenshot_window_clipboard
            type: identifier
          - children: []
            type: argument_list
          type: action
        type: expression
      type: block
    type: command
  type: source_file
