input: "app: okular\n-\n# Set tags\ntag(): user.pages\n"
output:
  type: source_file
  children:
  - type: context
    children:
    - type: match
      children:
      - text: app
        type: identifier
      - text: ' okular'
        type: implicit_string
      key:
        text: app
        type: identifier
      pattern:
        text: ' okular'
        type: implicit_string
  - text: '# Set tags'
    type: comment
  - type: include_tag
    children:
    - text: user.pages
      type: identifier
    tag:
      text: user.pages
      type: identifier
