input: |
  -
  (abbreviate|abreviate|brief) {user.abbreviation}: "{abbreviation}"
output:
  children:
  - children: []
    type: context
  - children:
    - children:
      - children:
        - children:
          - children:
            - text: abbreviate
              type: word
            - text: abreviate
              type: word
            - text: brief
              type: word
            type: choice
          type: parenthesized_rule
        - children:
          - text: user.abbreviation
            type: identifier
          list_name:
            text: user.abbreviation
            type: identifier
          type: list
        type: seq
      type: rule
    - children:
      - children:
        - children:
          - text: '{'
            type: string_content
          - text: abbreviation
            type: string_content
          - text: '}'
            type: string_content
          type: string
        expression:
          children:
          - text: '{'
            type: string_content
          - text: abbreviation
            type: string_content
          - text: '}'
            type: string_content
          type: string
        type: expression
      type: block
    rule:
      children:
      - children:
        - children:
          - children:
            - text: abbreviate
              type: word
            - text: abreviate
              type: word
            - text: brief
              type: word
            type: choice
          type: parenthesized_rule
        - children:
          - text: user.abbreviation
            type: identifier
          list_name:
            text: user.abbreviation
            type: identifier
          type: list
        type: seq
      type: rule
    script:
      children:
      - children:
        - children:
          - text: '{'
            type: string_content
          - text: abbreviation
            type: string_content
          - text: '}'
            type: string_content
          type: string
        expression:
          children:
          - text: '{'
            type: string_content
          - text: abbreviation
            type: string_content
          - text: '}'
            type: string_content
          type: string
        type: expression
      type: block
    type: command
  type: source_file
