input: |
  app: firefox
  -
  tag(): browser
  tag(): user.tabs
  tab search:
      browser.focus_address()
      insert("% ")
  tab search <user.text>$:
      browser.focus_address()
      insert("% {text}")
      key(down)
output:
  children:
  - children:
    - children:
      - text: app
        type: identifier
      - text: ' firefox'
        type: implicit_string
      key:
        text: app
        type: identifier
      pattern:
        text: ' firefox'
        type: implicit_string
      type: match
    type: context
  - children:
    - text: browser
      type: identifier
    tag:
      text: browser
      type: identifier
    type: include_tag
  - children:
    - text: user.tabs
      type: identifier
    tag:
      text: user.tabs
      type: identifier
    type: include_tag
  - children:
    - children:
      - children:
        - text: tab
          type: word
        - text: search
          type: word
        type: seq
      type: rule
    - children:
      - children:
        - action_name:
            text: browser.focus_address
            type: identifier
          arguments:
            children: []
            type: argument_list
          children:
          - text: browser.focus_address
            type: identifier
          - children: []
            type: argument_list
          type: action
        expression:
          action_name:
            text: browser.focus_address
            type: identifier
          arguments:
            children: []
            type: argument_list
          children:
          - text: browser.focus_address
            type: identifier
          - children: []
            type: argument_list
          type: action
        type: expression
      - children:
        - action_name:
            text: insert
            type: identifier
          arguments:
            children:
            - children:
              - text: '% '
                type: string_content
              type: string
            type: argument_list
          children:
          - text: insert
            type: identifier
          - children:
            - children:
              - text: '% '
                type: string_content
              type: string
            type: argument_list
          type: action
        expression:
          action_name:
            text: insert
            type: identifier
          arguments:
            children:
            - children:
              - text: '% '
                type: string_content
              type: string
            type: argument_list
          children:
          - text: insert
            type: identifier
          - children:
            - children:
              - text: '% '
                type: string_content
              type: string
            type: argument_list
          type: action
        type: expression
      type: block
    rule:
      children:
      - children:
        - text: tab
          type: word
        - text: search
          type: word
        type: seq
      type: rule
    script:
      children:
      - children:
        - action_name:
            text: browser.focus_address
            type: identifier
          arguments:
            children: []
            type: argument_list
          children:
          - text: browser.focus_address
            type: identifier
          - children: []
            type: argument_list
          type: action
        expression:
          action_name:
            text: browser.focus_address
            type: identifier
          arguments:
            children: []
            type: argument_list
          children:
          - text: browser.focus_address
            type: identifier
          - children: []
            type: argument_list
          type: action
        type: expression
      - children:
        - action_name:
            text: insert
            type: identifier
          arguments:
            children:
            - children:
              - text: '% '
                type: string_content
              type: string
            type: argument_list
          children:
          - text: insert
            type: identifier
          - children:
            - children:
              - text: '% '
                type: string_content
              type: string
            type: argument_list
          type: action
        expression:
          action_name:
            text: insert
            type: identifier
          arguments:
            children:
            - children:
              - text: '% '
                type: string_content
              type: string
            type: argument_list
          children:
          - text: insert
            type: identifier
          - children:
            - children:
              - text: '% '
                type: string_content
              type: string
            type: argument_list
          type: action
        type: expression
      type: block
    type: command
  - children:
    - children:
      - children:
        - text: tab
          type: word
        - text: search
          type: word
        - capture_name:
            text: user.text
            type: identifier
          children:
          - text: user.text
            type: identifier
          type: capture
        type: seq
      - text: $
        type: end_anchor
      type: rule
    - children:
      - children:
        - action_name:
            text: browser.focus_address
            type: identifier
          arguments:
            children: []
            type: argument_list
          children:
          - text: browser.focus_address
            type: identifier
          - children: []
            type: argument_list
          type: action
        expression:
          action_name:
            text: browser.focus_address
            type: identifier
          arguments:
            children: []
            type: argument_list
          children:
          - text: browser.focus_address
            type: identifier
          - children: []
            type: argument_list
          type: action
        type: expression
      - children:
        - action_name:
            text: insert
            type: identifier
          arguments:
            children:
            - children:
              - text: '% '
                type: string_content
              - text: '{'
                type: string_content
              - text: text
                type: string_content
              - text: '}'
                type: string_content
              type: string
            type: argument_list
          children:
          - text: insert
            type: identifier
          - children:
            - children:
              - text: '% '
                type: string_content
              - text: '{'
                type: string_content
              - text: text
                type: string_content
              - text: '}'
                type: string_content
              type: string
            type: argument_list
          type: action
        expression:
          action_name:
            text: insert
            type: identifier
          arguments:
            children:
            - children:
              - text: '% '
                type: string_content
              - text: '{'
                type: string_content
              - text: text
                type: string_content
              - text: '}'
                type: string_content
              type: string
            type: argument_list
          children:
          - text: insert
            type: identifier
          - children:
            - children:
              - text: '% '
                type: string_content
              - text: '{'
                type: string_content
              - text: text
                type: string_content
              - text: '}'
                type: string_content
              type: string
            type: argument_list
          type: action
        type: expression
      - children:
        - arguments:
            text: down
            type: implicit_string
          children:
          - text: down
            type: implicit_string
          type: key_action
        expression:
          arguments:
            text: down
            type: implicit_string
          children:
          - text: down
            type: implicit_string
          type: key_action
        type: expression
      type: block
    rule:
      children:
      - children:
        - text: tab
          type: word
        - text: search
          type: word
        - capture_name:
            text: user.text
            type: identifier
          children:
          - text: user.text
            type: identifier
          type: capture
        type: seq
      - text: $
        type: end_anchor
      type: rule
    script:
      children:
      - children:
        - action_name:
            text: browser.focus_address
            type: identifier
          arguments:
            children: []
            type: argument_list
          children:
          - text: browser.focus_address
            type: identifier
          - children: []
            type: argument_list
          type: action
        expression:
          action_name:
            text: browser.focus_address
            type: identifier
          arguments:
            children: []
            type: argument_list
          children:
          - text: browser.focus_address
            type: identifier
          - children: []
            type: argument_list
          type: action
        type: expression
      - children:
        - action_name:
            text: insert
            type: identifier
          arguments:
            children:
            - children:
              - text: '% '
                type: string_content
              - text: '{'
                type: string_content
              - text: text
                type: string_content
              - text: '}'
                type: string_content
              type: string
            type: argument_list
          children:
          - text: insert
            type: identifier
          - children:
            - children:
              - text: '% '
                type: string_content
              - text: '{'
                type: string_content
              - text: text
                type: string_content
              - text: '}'
                type: string_content
              type: string
            type: argument_list
          type: action
        expression:
          action_name:
            text: insert
            type: identifier
          arguments:
            children:
            - children:
              - text: '% '
                type: string_content
              - text: '{'
                type: string_content
              - text: text
                type: string_content
              - text: '}'
                type: string_content
              type: string
            type: argument_list
          children:
          - text: insert
            type: identifier
          - children:
            - children:
              - text: '% '
                type: string_content
              - text: '{'
                type: string_content
              - text: text
                type: string_content
              - text: '}'
                type: string_content
              type: string
            type: argument_list
          type: action
        type: expression
      - children:
        - arguments:
            text: down
            type: implicit_string
          children:
          - text: down
            type: implicit_string
          type: key_action
        expression:
          arguments:
            text: down
            type: implicit_string
          children:
          - text: down
            type: implicit_string
          type: key_action
        type: expression
      type: block
    type: command
  type: source_file
